Apache Maven 3.8.2 (ea98e05a04480131370aa0c110b8c54cf726c06f)
Maven home: C:\apache-maven-3.8.2
Java version: 17, vendor: Oracle Corporation, runtime: C:\Program Files\Java\jdk-17
Default locale: en_US, platform encoding: Cp1252
OS name: "windows 10", version: "10.0", arch: "amd64", family: "windows"
[DEBUG] Created new class realm maven.api
[DEBUG] Importing foreign packages into class realm maven.api
[DEBUG]   Imported: javax.annotation.* < plexus.core
[DEBUG]   Imported: javax.annotation.security.* < plexus.core
[DEBUG]   Imported: javax.enterprise.inject.* < plexus.core
[DEBUG]   Imported: javax.enterprise.util.* < plexus.core
[DEBUG]   Imported: javax.inject.* < plexus.core
[DEBUG]   Imported: org.apache.maven.* < plexus.core
[DEBUG]   Imported: org.apache.maven.artifact < plexus.core
[DEBUG]   Imported: org.apache.maven.classrealm < plexus.core
[DEBUG]   Imported: org.apache.maven.cli < plexus.core
[DEBUG]   Imported: org.apache.maven.configuration < plexus.core
[DEBUG]   Imported: org.apache.maven.exception < plexus.core
[DEBUG]   Imported: org.apache.maven.execution < plexus.core
[DEBUG]   Imported: org.apache.maven.execution.scope < plexus.core
[DEBUG]   Imported: org.apache.maven.lifecycle < plexus.core
[DEBUG]   Imported: org.apache.maven.model < plexus.core
[DEBUG]   Imported: org.apache.maven.monitor < plexus.core
[DEBUG]   Imported: org.apache.maven.plugin < plexus.core
[DEBUG]   Imported: org.apache.maven.profiles < plexus.core
[DEBUG]   Imported: org.apache.maven.project < plexus.core
[DEBUG]   Imported: org.apache.maven.reporting < plexus.core
[DEBUG]   Imported: org.apache.maven.repository < plexus.core
[DEBUG]   Imported: org.apache.maven.rtinfo < plexus.core
[DEBUG]   Imported: org.apache.maven.settings < plexus.core
[DEBUG]   Imported: org.apache.maven.toolchain < plexus.core
[DEBUG]   Imported: org.apache.maven.usability < plexus.core
[DEBUG]   Imported: org.apache.maven.wagon.* < plexus.core
[DEBUG]   Imported: org.apache.maven.wagon.authentication < plexus.core
[DEBUG]   Imported: org.apache.maven.wagon.authorization < plexus.core
[DEBUG]   Imported: org.apache.maven.wagon.events < plexus.core
[DEBUG]   Imported: org.apache.maven.wagon.observers < plexus.core
[DEBUG]   Imported: org.apache.maven.wagon.proxy < plexus.core
[DEBUG]   Imported: org.apache.maven.wagon.repository < plexus.core
[DEBUG]   Imported: org.apache.maven.wagon.resource < plexus.core
[DEBUG]   Imported: org.codehaus.classworlds < plexus.core
[DEBUG]   Imported: org.codehaus.plexus.* < plexus.core
[DEBUG]   Imported: org.codehaus.plexus.classworlds < plexus.core
[DEBUG]   Imported: org.codehaus.plexus.component < plexus.core
[DEBUG]   Imported: org.codehaus.plexus.configuration < plexus.core
[DEBUG]   Imported: org.codehaus.plexus.container < plexus.core
[DEBUG]   Imported: org.codehaus.plexus.context < plexus.core
[DEBUG]   Imported: org.codehaus.plexus.lifecycle < plexus.core
[DEBUG]   Imported: org.codehaus.plexus.logging < plexus.core
[DEBUG]   Imported: org.codehaus.plexus.personality < plexus.core
[DEBUG]   Imported: org.codehaus.plexus.util.xml.Xpp3Dom < plexus.core
[DEBUG]   Imported: org.codehaus.plexus.util.xml.pull.XmlPullParser < plexus.core
[DEBUG]   Imported: org.codehaus.plexus.util.xml.pull.XmlPullParserException < plexus.core
[DEBUG]   Imported: org.codehaus.plexus.util.xml.pull.XmlSerializer < plexus.core
[DEBUG]   Imported: org.eclipse.aether.* < plexus.core
[DEBUG]   Imported: org.eclipse.aether.artifact < plexus.core
[DEBUG]   Imported: org.eclipse.aether.collection < plexus.core
[DEBUG]   Imported: org.eclipse.aether.deployment < plexus.core
[DEBUG]   Imported: org.eclipse.aether.graph < plexus.core
[DEBUG]   Imported: org.eclipse.aether.impl < plexus.core
[DEBUG]   Imported: org.eclipse.aether.installation < plexus.core
[DEBUG]   Imported: org.eclipse.aether.internal.impl < plexus.core
[DEBUG]   Imported: org.eclipse.aether.metadata < plexus.core
[DEBUG]   Imported: org.eclipse.aether.repository < plexus.core
[DEBUG]   Imported: org.eclipse.aether.resolution < plexus.core
[DEBUG]   Imported: org.eclipse.aether.spi < plexus.core
[DEBUG]   Imported: org.eclipse.aether.transfer < plexus.core
[DEBUG]   Imported: org.eclipse.aether.version < plexus.core
[DEBUG]   Imported: org.fusesource.jansi.* < plexus.core
[DEBUG]   Imported: org.slf4j.* < plexus.core
[DEBUG]   Imported: org.slf4j.event.* < plexus.core
[DEBUG]   Imported: org.slf4j.helpers.* < plexus.core
[DEBUG]   Imported: org.slf4j.spi.* < plexus.core
[DEBUG] Populating class realm maven.api
[INFO] Error stacktraces are turned on.
[DEBUG] Message scheme: color
[DEBUG] Message styles: debug info warning error success failure strong mojo project
[DEBUG] Reading global settings from C:\apache-maven-3.8.2\conf\settings.xml
[DEBUG] Reading user settings from C:\Users\Mikhail_Kazlou\.m2\settings.xml
[DEBUG] Reading global toolchains from C:\apache-maven-3.8.2\conf\toolchains.xml
[DEBUG] Reading user toolchains from C:\Users\Mikhail_Kazlou\.m2\toolchains.xml
[DEBUG] Using local repository at C:\Users\Mikhail_Kazlou\.m2\repository
[DEBUG] Using manager EnhancedLocalRepositoryManager with priority 10.0 for C:\Users\Mikhail_Kazlou\.m2\repository
[INFO] Scanning for projects...
[DEBUG] Extension realms for project com.github.vitalliuss.helloci:hello-ci:jar:1.0-SNAPSHOT: (none)
[DEBUG] Looking up lifecycle mappings for packaging jar from ClassRealm[plexus.core, parent: null]
[DEBUG] === REACTOR BUILD PLAN ================================================
[DEBUG] Project: com.github.vitalliuss.helloci:hello-ci:jar:1.0-SNAPSHOT
[DEBUG] Tasks:   [install]
[DEBUG] Style:   Regular
[DEBUG] =======================================================================
[INFO] 
[INFO] ---------------< com.github.vitalliuss.helloci:hello-ci >---------------
[INFO] Building hello-ci 1.0-SNAPSHOT
[INFO] --------------------------------[ jar ]---------------------------------
[DEBUG] Lifecycle default -> [validate, initialize, generate-sources, process-sources, generate-resources, process-resources, compile, process-classes, generate-test-sources, process-test-sources, generate-test-resources, process-test-resources, test-compile, process-test-classes, test, prepare-package, package, pre-integration-test, integration-test, post-integration-test, verify, install, deploy]
[DEBUG] Lifecycle clean -> [pre-clean, clean, post-clean]
[DEBUG] Lifecycle site -> [pre-site, site, post-site, site-deploy]
[DEBUG] Using mirror maven-default-http-blocker (http://0.0.0.0/) for apache.snapshots (http://repository.apache.org/snapshots).
[DEBUG] Using mirror maven-default-http-blocker (http://0.0.0.0/) for codehaus-snapshots (http://nexus.codehaus.org/snapshots/).
[DEBUG] Lifecycle default -> [validate, initialize, generate-sources, process-sources, generate-resources, process-resources, compile, process-classes, generate-test-sources, process-test-sources, generate-test-resources, process-test-resources, test-compile, process-test-classes, test, prepare-package, package, pre-integration-test, integration-test, post-integration-test, verify, install, deploy]
[DEBUG] Lifecycle clean -> [pre-clean, clean, post-clean]
[DEBUG] Lifecycle site -> [pre-site, site, post-site, site-deploy]
[DEBUG] Lifecycle default -> [validate, initialize, generate-sources, process-sources, generate-resources, process-resources, compile, process-classes, generate-test-sources, process-test-sources, generate-test-resources, process-test-resources, test-compile, process-test-classes, test, prepare-package, package, pre-integration-test, integration-test, post-integration-test, verify, install, deploy]
[DEBUG] Lifecycle clean -> [pre-clean, clean, post-clean]
[DEBUG] Lifecycle site -> [pre-site, site, post-site, site-deploy]
[DEBUG] Lifecycle default -> [validate, initialize, generate-sources, process-sources, generate-resources, process-resources, compile, process-classes, generate-test-sources, process-test-sources, generate-test-resources, process-test-resources, test-compile, process-test-classes, test, prepare-package, package, pre-integration-test, integration-test, post-integration-test, verify, install, deploy]
[DEBUG] Lifecycle clean -> [pre-clean, clean, post-clean]
[DEBUG] Lifecycle site -> [pre-site, site, post-site, site-deploy]
[DEBUG] Lifecycle default -> [validate, initialize, generate-sources, process-sources, generate-resources, process-resources, compile, process-classes, generate-test-sources, process-test-sources, generate-test-resources, process-test-resources, test-compile, process-test-classes, test, prepare-package, package, pre-integration-test, integration-test, post-integration-test, verify, install, deploy]
[DEBUG] Lifecycle clean -> [pre-clean, clean, post-clean]
[DEBUG] Lifecycle site -> [pre-site, site, post-site, site-deploy]
[DEBUG] Lifecycle default -> [validate, initialize, generate-sources, process-sources, generate-resources, process-resources, compile, process-classes, generate-test-sources, process-test-sources, generate-test-resources, process-test-resources, test-compile, process-test-classes, test, prepare-package, package, pre-integration-test, integration-test, post-integration-test, verify, install, deploy]
[DEBUG] Lifecycle clean -> [pre-clean, clean, post-clean]
[DEBUG] Lifecycle site -> [pre-site, site, post-site, site-deploy]
[DEBUG] Lifecycle default -> [validate, initialize, generate-sources, process-sources, generate-resources, process-resources, compile, process-classes, generate-test-sources, process-test-sources, generate-test-resources, process-test-resources, test-compile, process-test-classes, test, prepare-package, package, pre-integration-test, integration-test, post-integration-test, verify, install, deploy]
[DEBUG] Lifecycle clean -> [pre-clean, clean, post-clean]
[DEBUG] Lifecycle site -> [pre-site, site, post-site, site-deploy]
[DEBUG] Lifecycle default -> [validate, initialize, generate-sources, process-sources, generate-resources, process-resources, compile, process-classes, generate-test-sources, process-test-sources, generate-test-resources, process-test-resources, test-compile, process-test-classes, test, prepare-package, package, pre-integration-test, integration-test, post-integration-test, verify, install, deploy]
[DEBUG] Lifecycle clean -> [pre-clean, clean, post-clean]
[DEBUG] Lifecycle site -> [pre-site, site, post-site, site-deploy]
[DEBUG] Lifecycle default -> [validate, initialize, generate-sources, process-sources, generate-resources, process-resources, compile, process-classes, generate-test-sources, process-test-sources, generate-test-resources, process-test-resources, test-compile, process-test-classes, test, prepare-package, package, pre-integration-test, integration-test, post-integration-test, verify, install, deploy]
[DEBUG] Lifecycle clean -> [pre-clean, clean, post-clean]
[DEBUG] Lifecycle site -> [pre-site, site, post-site, site-deploy]
[DEBUG] === PROJECT BUILD PLAN ================================================
[DEBUG] Project:       com.github.vitalliuss.helloci:hello-ci:1.0-SNAPSHOT
[DEBUG] Dependencies (collect): []
[DEBUG] Dependencies (resolve): [compile, runtime, test]
[DEBUG] Repositories (dependencies): [central (https://repo.maven.apache.org/maven2, default, releases)]
[DEBUG] Repositories (plugins)     : [central (https://repo.maven.apache.org/maven2, default, releases)]
[DEBUG] -----------------------------------------------------------------------
[DEBUG] Goal:          org.apache.maven.plugins:maven-resources-plugin:2.6:resources (default-resources)
[DEBUG] Style:         Regular
[DEBUG] Configuration: <?xml version="1.0" encoding="UTF-8"?>
<configuration>
  <buildFilters default-value="${project.build.filters}"/>
  <encoding default-value="${project.build.sourceEncoding}">${encoding}</encoding>
  <escapeString>${maven.resources.escapeString}</escapeString>
  <escapeWindowsPaths default-value="true">${maven.resources.escapeWindowsPaths}</escapeWindowsPaths>
  <includeEmptyDirs default-value="false">${maven.resources.includeEmptyDirs}</includeEmptyDirs>
  <outputDirectory default-value="${project.build.outputDirectory}"/>
  <overwrite default-value="false">${maven.resources.overwrite}</overwrite>
  <project default-value="${project}"/>
  <resources default-value="${project.resources}"/>
  <session default-value="${session}"/>
  <supportMultiLineFiltering default-value="false">${maven.resources.supportMultiLineFiltering}</supportMultiLineFiltering>
  <useBuildFilters default-value="true"/>
  <useDefaultDelimiters default-value="true"/>
</configuration>
[DEBUG] -----------------------------------------------------------------------
[DEBUG] Goal:          org.apache.maven.plugins:maven-compiler-plugin:3.1:compile (default-compile)
[DEBUG] Style:         Regular
[DEBUG] Configuration: <?xml version="1.0" encoding="UTF-8"?>
<configuration>
  <basedir default-value="${basedir}"/>
  <buildDirectory default-value="${project.build.directory}"/>
  <classpathElements default-value="${project.compileClasspathElements}"/>
  <compileSourceRoots default-value="${project.compileSourceRoots}"/>
  <compilerId default-value="javac">${maven.compiler.compilerId}</compilerId>
  <compilerReuseStrategy default-value="${reuseCreated}">${maven.compiler.compilerReuseStrategy}</compilerReuseStrategy>
  <compilerVersion>${maven.compiler.compilerVersion}</compilerVersion>
  <debug default-value="true">${maven.compiler.debug}</debug>
  <debuglevel>${maven.compiler.debuglevel}</debuglevel>
  <encoding default-value="${project.build.sourceEncoding}">${encoding}</encoding>
  <executable>${maven.compiler.executable}</executable>
  <failOnError default-value="true">${maven.compiler.failOnError}</failOnError>
  <forceJavacCompilerUse default-value="false">${maven.compiler.forceJavacCompilerUse}</forceJavacCompilerUse>
  <fork default-value="false">${maven.compiler.fork}</fork>
  <generatedSourcesDirectory default-value="${project.build.directory}/generated-sources/annotations"/>
  <maxmem>${maven.compiler.maxmem}</maxmem>
  <meminitial>${maven.compiler.meminitial}</meminitial>
  <mojoExecution>${mojoExecution}</mojoExecution>
  <optimize default-value="false">${maven.compiler.optimize}</optimize>
  <outputDirectory default-value="${project.build.outputDirectory}"/>
  <projectArtifact default-value="${project.artifact}"/>
  <showDeprecation default-value="false">${maven.compiler.showDeprecation}</showDeprecation>
  <showWarnings default-value="false">${maven.compiler.showWarnings}</showWarnings>
  <skipMain>${maven.main.skip}</skipMain>
  <skipMultiThreadWarning default-value="false">${maven.compiler.skipMultiThreadWarning}</skipMultiThreadWarning>
  <source default-value="1.5">${maven.compiler.source}</source>
  <staleMillis default-value="0">${lastModGranularityMs}</staleMillis>
  <target default-value="1.5">${maven.compiler.target}</target>
  <useIncrementalCompilation default-value="true">${maven.compiler.useIncrementalCompilation}</useIncrementalCompilation>
  <verbose default-value="false">${maven.compiler.verbose}</verbose>
  <mavenSession default-value="${session}"/>
  <session default-value="${session}"/>
</configuration>
[DEBUG] -----------------------------------------------------------------------
[DEBUG] Goal:          org.apache.maven.plugins:maven-resources-plugin:2.6:testResources (default-testResources)
[DEBUG] Style:         Regular
[DEBUG] Configuration: <?xml version="1.0" encoding="UTF-8"?>
<configuration>
  <buildFilters default-value="${project.build.filters}"/>
  <encoding default-value="${project.build.sourceEncoding}">${encoding}</encoding>
  <escapeString>${maven.resources.escapeString}</escapeString>
  <escapeWindowsPaths default-value="true">${maven.resources.escapeWindowsPaths}</escapeWindowsPaths>
  <includeEmptyDirs default-value="false">${maven.resources.includeEmptyDirs}</includeEmptyDirs>
  <outputDirectory default-value="${project.build.testOutputDirectory}"/>
  <overwrite default-value="false">${maven.resources.overwrite}</overwrite>
  <project default-value="${project}"/>
  <resources default-value="${project.testResources}"/>
  <session default-value="${session}"/>
  <skip>${maven.test.skip}</skip>
  <supportMultiLineFiltering default-value="false">${maven.resources.supportMultiLineFiltering}</supportMultiLineFiltering>
  <useBuildFilters default-value="true"/>
  <useDefaultDelimiters default-value="true"/>
</configuration>
[DEBUG] -----------------------------------------------------------------------
[DEBUG] Goal:          org.apache.maven.plugins:maven-compiler-plugin:3.1:testCompile (default-testCompile)
[DEBUG] Style:         Regular
[DEBUG] Configuration: <?xml version="1.0" encoding="UTF-8"?>
<configuration>
  <basedir default-value="${basedir}"/>
  <buildDirectory default-value="${project.build.directory}"/>
  <classpathElements default-value="${project.testClasspathElements}"/>
  <compileSourceRoots default-value="${project.testCompileSourceRoots}"/>
  <compilerId default-value="javac">${maven.compiler.compilerId}</compilerId>
  <compilerReuseStrategy default-value="${reuseCreated}">${maven.compiler.compilerReuseStrategy}</compilerReuseStrategy>
  <compilerVersion>${maven.compiler.compilerVersion}</compilerVersion>
  <debug default-value="true">${maven.compiler.debug}</debug>
  <debuglevel>${maven.compiler.debuglevel}</debuglevel>
  <encoding default-value="${project.build.sourceEncoding}">${encoding}</encoding>
  <executable>${maven.compiler.executable}</executable>
  <failOnError default-value="true">${maven.compiler.failOnError}</failOnError>
  <forceJavacCompilerUse default-value="false">${maven.compiler.forceJavacCompilerUse}</forceJavacCompilerUse>
  <fork default-value="false">${maven.compiler.fork}</fork>
  <generatedTestSourcesDirectory default-value="${project.build.directory}/generated-test-sources/test-annotations"/>
  <maxmem>${maven.compiler.maxmem}</maxmem>
  <meminitial>${maven.compiler.meminitial}</meminitial>
  <mojoExecution>${mojoExecution}</mojoExecution>
  <optimize default-value="false">${maven.compiler.optimize}</optimize>
  <outputDirectory default-value="${project.build.testOutputDirectory}"/>
  <showDeprecation default-value="false">${maven.compiler.showDeprecation}</showDeprecation>
  <showWarnings default-value="false">${maven.compiler.showWarnings}</showWarnings>
  <skip>${maven.test.skip}</skip>
  <skipMultiThreadWarning default-value="false">${maven.compiler.skipMultiThreadWarning}</skipMultiThreadWarning>
  <source default-value="1.5">${maven.compiler.source}</source>
  <staleMillis default-value="0">${lastModGranularityMs}</staleMillis>
  <target default-value="1.5">${maven.compiler.target}</target>
  <testSource>${maven.compiler.testSource}</testSource>
  <testTarget>${maven.compiler.testTarget}</testTarget>
  <useIncrementalCompilation default-value="true">${maven.compiler.useIncrementalCompilation}</useIncrementalCompilation>
  <verbose default-value="false">${maven.compiler.verbose}</verbose>
  <mavenSession default-value="${session}"/>
  <session default-value="${session}"/>
</configuration>
[DEBUG] -----------------------------------------------------------------------
[DEBUG] Goal:          org.apache.maven.plugins:maven-surefire-plugin:3.0.0-M1:test (default-test)
[DEBUG] Style:         Regular
[DEBUG] Configuration: <?xml version="1.0" encoding="UTF-8"?>
<configuration>
  <additionalClasspathElements>${maven.test.additionalClasspath}</additionalClasspathElements>
  <argLine>${argLine}</argLine>
  <basedir default-value="${basedir}"/>
  <childDelegation default-value="false">${childDelegation}</childDelegation>
  <classesDirectory default-value="${project.build.outputDirectory}"/>
  <classpathDependencyExcludes>${maven.test.dependency.excludes}</classpathDependencyExcludes>
  <debugForkedProcess>${maven.surefire.debug}</debugForkedProcess>
  <dependenciesToScan>${dependenciesToScan}</dependenciesToScan>
  <disableXmlReport default-value="false">${disableXmlReport}</disableXmlReport>
  <enableAssertions default-value="true">${enableAssertions}</enableAssertions>
  <encoding default-value="${project.reporting.outputEncoding}">${surefire.encoding}</encoding>
  <excludedGroups>${excludedGroups}</excludedGroups>
  <excludesFile>${surefire.excludesFile}</excludesFile>
  <failIfNoSpecifiedTests>${surefire.failIfNoSpecifiedTests}</failIfNoSpecifiedTests>
  <failIfNoTests>${failIfNoTests}</failIfNoTests>
  <forkCount default-value="1">${forkCount}</forkCount>
  <forkMode default-value="once">${forkMode}</forkMode>
  <forkedProcessExitTimeoutInSeconds default-value="30">${surefire.exitTimeout}</forkedProcessExitTimeoutInSeconds>
  <forkedProcessTimeoutInSeconds>${surefire.timeout}</forkedProcessTimeoutInSeconds>
  <groups>${groups}</groups>
  <includesFile>${surefire.includesFile}</includesFile>
  <junitArtifactName default-value="junit:junit">${junitArtifactName}</junitArtifactName>
  <junitPlatformArtifactName default-value="org.junit.platform:junit-platform-engine">${junitPlatformArtifactName}</junitPlatformArtifactName>
  <jvm>${jvm}</jvm>
  <localRepository default-value="${localRepository}"/>
  <objectFactory>${objectFactory}</objectFactory>
  <parallel>${parallel}</parallel>
  <parallelMavenExecution default-value="${session.parallel}"/>
  <parallelOptimized default-value="true">${parallelOptimized}</parallelOptimized>
  <parallelTestsTimeoutForcedInSeconds>${surefire.parallel.forcedTimeout}</parallelTestsTimeoutForcedInSeconds>
  <parallelTestsTimeoutInSeconds>${surefire.parallel.timeout}</parallelTestsTimeoutInSeconds>
  <perCoreThreadCount default-value="true">${perCoreThreadCount}</perCoreThreadCount>
  <pluginArtifactMap>${plugin.artifactMap}</pluginArtifactMap>
  <pluginDescriptor default-value="${plugin}"/>
  <printSummary default-value="true">${surefire.printSummary}</printSummary>
  <project default-value="${project}"/>
  <projectArtifactMap>${project.artifactMap}</projectArtifactMap>
  <projectBuildDirectory default-value="${project.build.directory}"/>
  <redirectTestOutputToFile default-value="false">${maven.test.redirectTestOutputToFile}</redirectTestOutputToFile>
  <remoteRepositories default-value="${project.pluginArtifactRepositories}"/>
  <reportFormat default-value="brief">${surefire.reportFormat}</reportFormat>
  <reportNameSuffix default-value="">${surefire.reportNameSuffix}</reportNameSuffix>
  <reportsDirectory default-value="${project.build.directory}/surefire-reports"/>
  <rerunFailingTestsCount default-value="0">${surefire.rerunFailingTestsCount}</rerunFailingTestsCount>
  <reuseForks default-value="true">${reuseForks}</reuseForks>
  <runOrder default-value="filesystem">${surefire.runOrder}</runOrder>
  <session default-value="${session}"/>
  <shutdown default-value="testset">${surefire.shutdown}</shutdown>
  <skip default-value="false">${maven.test.skip}</skip>
  <skipAfterFailureCount default-value="0">${surefire.skipAfterFailureCount}</skipAfterFailureCount>
  <skipExec>${maven.test.skip.exec}</skipExec>
  <skipTests default-value="false">${skipTests}</skipTests>
  <suiteXmlFiles>${surefire.suiteXmlFiles}</suiteXmlFiles>
  <tempDir default-value="surefire">${tempDir}</tempDir>
  <test>${test}</test>
  <testClassesDirectory default-value="${project.build.testOutputDirectory}"/>
  <testFailureIgnore default-value="false">${maven.test.failure.ignore}</testFailureIgnore>
  <testNGArtifactName default-value="org.testng:testng">${testNGArtifactName}</testNGArtifactName>
  <testSourceDirectory default-value="${project.build.testSourceDirectory}"/>
  <threadCount>${threadCount}</threadCount>
  <threadCountClasses default-value="0">${threadCountClasses}</threadCountClasses>
  <threadCountMethods default-value="0">${threadCountMethods}</threadCountMethods>
  <threadCountSuites default-value="0">${threadCountSuites}</threadCountSuites>
  <trimStackTrace default-value="true">${trimStackTrace}</trimStackTrace>
  <useFile default-value="true">${surefire.useFile}</useFile>
  <useManifestOnlyJar default-value="true">${surefire.useManifestOnlyJar}</useManifestOnlyJar>
  <useSystemClassLoader default-value="true">${surefire.useSystemClassLoader}</useSystemClassLoader>
  <useUnlimitedThreads default-value="false">${useUnlimitedThreads}</useUnlimitedThreads>
  <workingDirectory>${basedir}</workingDirectory>
</configuration>
[DEBUG] -----------------------------------------------------------------------
[DEBUG] Goal:          org.apache.maven.plugins:maven-jar-plugin:2.4:jar (default-jar)
[DEBUG] Style:         Regular
[DEBUG] Configuration: <?xml version="1.0" encoding="UTF-8"?>
<configuration>
  <classesDirectory default-value="${project.build.outputDirectory}"/>
  <defaultManifestFile default-value="${project.build.outputDirectory}/META-INF/MANIFEST.MF"/>
  <finalName default-value="${project.build.finalName}">${jar.finalName}</finalName>
  <forceCreation default-value="false">${jar.forceCreation}</forceCreation>
  <outputDirectory default-value="${project.build.directory}"/>
  <project default-value="${project}"/>
  <session default-value="${session}"/>
  <skipIfEmpty default-value="false">${jar.skipIfEmpty}</skipIfEmpty>
  <useDefaultManifestFile default-value="false">${jar.useDefaultManifestFile}</useDefaultManifestFile>
</configuration>
[DEBUG] -----------------------------------------------------------------------
[DEBUG] Goal:          org.apache.maven.plugins:maven-assembly-plugin:3.1.0:single (default)
[DEBUG] Style:         Regular
[DEBUG] Configuration: <?xml version="1.0" encoding="UTF-8"?>
<configuration>
  <appendAssemblyId default-value="true">${assembly.appendAssemblyId}</appendAssemblyId>
  <archive>
    <manifest>
      <mainClass>com.github.vitalliuss.helloci.App</mainClass>
    </manifest>
  </archive>
  <attach default-value="true">${assembly.attach}</attach>
  <basedir default-value="${project.basedir}"/>
  <descriptorRefs>
    <descriptorRef>jar-with-dependencies</descriptorRef>
  </descriptorRefs>
  <dryRun default-value="false">${assembly.dryRun}</dryRun>
  <encoding default-value="${project.build.sourceEncoding}">${encoding}</encoding>
  <escapeString>${assembly.escapeString}</escapeString>
  <finalName default-value="${project.build.finalName}"/>
  <ignoreDirFormatExtensions default-value="true"/>
  <ignoreMissingDescriptor default-value="false">${assembly.ignoreMissingDescriptor}</ignoreMissingDescriptor>
  <ignorePermissions default-value="false">${assembly.ignorePermissions}</ignorePermissions>
  <includeProjectBuildFilters default-value="true">${assembly.includeProjectBuildFilters}</includeProjectBuildFilters>
  <localRepository default-value="${localRepository}"/>
  <mavenSession default-value="${session}"/>
  <outputDirectory default-value="${project.build.directory}"/>
  <plugin default-value="${plugin}"/>
  <project default-value="${project}"/>
  <reactorProjects default-value="${reactorProjects}"/>
  <recompressZippedFiles default-value="true"/>
  <remoteRepositories default-value="${project.remoteArtifactRepositories}"/>
  <runOnlyAtExecutionRoot default-value="false">${assembly.runOnlyAtExecutionRoot}</runOnlyAtExecutionRoot>
  <siteDirectory default-value="${project.reporting.outputDirectory}"/>
  <skipAssembly default-value="false">${assembly.skipAssembly}</skipAssembly>
  <tarLongFileMode default-value="warn">${assembly.tarLongFileMode}</tarLongFileMode>
  <tempRoot default-value="${project.build.directory}/archive-tmp"/>
  <updateOnly default-value="false">${assembly.updateOnly}</updateOnly>
  <useJvmChmod default-value="false">${assembly.useJvmChmod}</useJvmChmod>
  <workDirectory default-value="${project.build.directory}/assembly/work"/>
</configuration>
[DEBUG] --- init fork of com.github.vitalliuss.helloci:hello-ci:1.0-SNAPSHOT for org.codehaus.mojo:cobertura-maven-plugin:2.7:cobertura (default) ---
[DEBUG] Dependencies (collect): []
[DEBUG] Dependencies (resolve): [compile, test]
[DEBUG] -----------------------------------------------------------------------
[DEBUG] Goal:          org.apache.maven.plugins:maven-resources-plugin:2.6:resources (default-resources)
[DEBUG] Style:         Regular
[DEBUG] Configuration: <?xml version="1.0" encoding="UTF-8"?>
<configuration>
  <buildFilters default-value="${project.build.filters}"/>
  <encoding default-value="${project.build.sourceEncoding}">${encoding}</encoding>
  <escapeString>${maven.resources.escapeString}</escapeString>
  <escapeWindowsPaths default-value="true">${maven.resources.escapeWindowsPaths}</escapeWindowsPaths>
  <includeEmptyDirs default-value="false">${maven.resources.includeEmptyDirs}</includeEmptyDirs>
  <outputDirectory default-value="${project.build.outputDirectory}"/>
  <overwrite default-value="false">${maven.resources.overwrite}</overwrite>
  <project default-value="${project}"/>
  <resources default-value="${project.resources}"/>
  <session default-value="${session}"/>
  <supportMultiLineFiltering default-value="false">${maven.resources.supportMultiLineFiltering}</supportMultiLineFiltering>
  <useBuildFilters default-value="true"/>
  <useDefaultDelimiters default-value="true"/>
</configuration>
[DEBUG] -----------------------------------------------------------------------
[DEBUG] Goal:          org.apache.maven.plugins:maven-compiler-plugin:3.1:compile (default-compile)
[DEBUG] Style:         Regular
[DEBUG] Configuration: <?xml version="1.0" encoding="UTF-8"?>
<configuration>
  <basedir default-value="${basedir}"/>
  <buildDirectory default-value="${project.build.directory}"/>
  <classpathElements default-value="${project.compileClasspathElements}"/>
  <compileSourceRoots default-value="${project.compileSourceRoots}"/>
  <compilerId default-value="javac">${maven.compiler.compilerId}</compilerId>
  <compilerReuseStrategy default-value="${reuseCreated}">${maven.compiler.compilerReuseStrategy}</compilerReuseStrategy>
  <compilerVersion>${maven.compiler.compilerVersion}</compilerVersion>
  <debug default-value="true">${maven.compiler.debug}</debug>
  <debuglevel>${maven.compiler.debuglevel}</debuglevel>
  <encoding default-value="${project.build.sourceEncoding}">${encoding}</encoding>
  <executable>${maven.compiler.executable}</executable>
  <failOnError default-value="true">${maven.compiler.failOnError}</failOnError>
  <forceJavacCompilerUse default-value="false">${maven.compiler.forceJavacCompilerUse}</forceJavacCompilerUse>
  <fork default-value="false">${maven.compiler.fork}</fork>
  <generatedSourcesDirectory default-value="${project.build.directory}/generated-sources/annotations"/>
  <maxmem>${maven.compiler.maxmem}</maxmem>
  <meminitial>${maven.compiler.meminitial}</meminitial>
  <mojoExecution>${mojoExecution}</mojoExecution>
  <optimize default-value="false">${maven.compiler.optimize}</optimize>
  <outputDirectory default-value="${project.build.outputDirectory}"/>
  <projectArtifact default-value="${project.artifact}"/>
  <showDeprecation default-value="false">${maven.compiler.showDeprecation}</showDeprecation>
  <showWarnings default-value="false">${maven.compiler.showWarnings}</showWarnings>
  <skipMain>${maven.main.skip}</skipMain>
  <skipMultiThreadWarning default-value="false">${maven.compiler.skipMultiThreadWarning}</skipMultiThreadWarning>
  <source default-value="1.5">${maven.compiler.source}</source>
  <staleMillis default-value="0">${lastModGranularityMs}</staleMillis>
  <target default-value="1.5">${maven.compiler.target}</target>
  <useIncrementalCompilation default-value="true">${maven.compiler.useIncrementalCompilation}</useIncrementalCompilation>
  <verbose default-value="false">${maven.compiler.verbose}</verbose>
  <mavenSession default-value="${session}"/>
  <session default-value="${session}"/>
</configuration>
[DEBUG] -----------------------------------------------------------------------
[DEBUG] Goal:          org.codehaus.mojo:cobertura-maven-plugin:2.7:instrument (default)
[DEBUG] Style:         Regular
[DEBUG] Configuration: <?xml version="1.0" encoding="UTF-8"?>
<configuration>
  <attach default-value="false">${cobertura.attach}</attach>
  <classifier default-value="cobertura">${cobertura.classifier}</classifier>
  <dataFile default-value="${project.build.directory}/cobertura/cobertura.ser">${cobertura.datafile}</dataFile>
  <forceMojoExecution default-value="false">${cobertura.force}</forceMojoExecution>
  <instrumentation>${instrumentation}</instrumentation>
  <maxmem default-value="64m">${cobertura.maxmem}</maxmem>
  <mojoExecution default-value="${mojoExecution}"/>
  <pluginClasspathList default-value="${plugin.artifacts}"/>
  <project default-value="${project}"/>
  <quiet default-value="false">${quiet}</quiet>
  <skip default-value="false">${cobertura.skip}</skip>
</configuration>
[DEBUG] -----------------------------------------------------------------------
[DEBUG] Goal:          org.apache.maven.plugins:maven-resources-plugin:2.6:testResources (default-testResources)
[DEBUG] Style:         Regular
[DEBUG] Configuration: <?xml version="1.0" encoding="UTF-8"?>
<configuration>
  <buildFilters default-value="${project.build.filters}"/>
  <encoding default-value="${project.build.sourceEncoding}">${encoding}</encoding>
  <escapeString>${maven.resources.escapeString}</escapeString>
  <escapeWindowsPaths default-value="true">${maven.resources.escapeWindowsPaths}</escapeWindowsPaths>
  <includeEmptyDirs default-value="false">${maven.resources.includeEmptyDirs}</includeEmptyDirs>
  <outputDirectory default-value="${project.build.testOutputDirectory}"/>
  <overwrite default-value="false">${maven.resources.overwrite}</overwrite>
  <project default-value="${project}"/>
  <resources default-value="${project.testResources}"/>
  <session default-value="${session}"/>
  <skip>${maven.test.skip}</skip>
  <supportMultiLineFiltering default-value="false">${maven.resources.supportMultiLineFiltering}</supportMultiLineFiltering>
  <useBuildFilters default-value="true"/>
  <useDefaultDelimiters default-value="true"/>
</configuration>
[DEBUG] -----------------------------------------------------------------------
[DEBUG] Goal:          org.apache.maven.plugins:maven-compiler-plugin:3.1:testCompile (default-testCompile)
[DEBUG] Style:         Regular
[DEBUG] Configuration: <?xml version="1.0" encoding="UTF-8"?>
<configuration>
  <basedir default-value="${basedir}"/>
  <buildDirectory default-value="${project.build.directory}"/>
  <classpathElements default-value="${project.testClasspathElements}"/>
  <compileSourceRoots default-value="${project.testCompileSourceRoots}"/>
  <compilerId default-value="javac">${maven.compiler.compilerId}</compilerId>
  <compilerReuseStrategy default-value="${reuseCreated}">${maven.compiler.compilerReuseStrategy}</compilerReuseStrategy>
  <compilerVersion>${maven.compiler.compilerVersion}</compilerVersion>
  <debug default-value="true">${maven.compiler.debug}</debug>
  <debuglevel>${maven.compiler.debuglevel}</debuglevel>
  <encoding default-value="${project.build.sourceEncoding}">${encoding}</encoding>
  <executable>${maven.compiler.executable}</executable>
  <failOnError default-value="true">${maven.compiler.failOnError}</failOnError>
  <forceJavacCompilerUse default-value="false">${maven.compiler.forceJavacCompilerUse}</forceJavacCompilerUse>
  <fork default-value="false">${maven.compiler.fork}</fork>
  <generatedTestSourcesDirectory default-value="${project.build.directory}/generated-test-sources/test-annotations"/>
  <maxmem>${maven.compiler.maxmem}</maxmem>
  <meminitial>${maven.compiler.meminitial}</meminitial>
  <mojoExecution>${mojoExecution}</mojoExecution>
  <optimize default-value="false">${maven.compiler.optimize}</optimize>
  <outputDirectory default-value="${project.build.testOutputDirectory}"/>
  <showDeprecation default-value="false">${maven.compiler.showDeprecation}</showDeprecation>
  <showWarnings default-value="false">${maven.compiler.showWarnings}</showWarnings>
  <skip>${maven.test.skip}</skip>
  <skipMultiThreadWarning default-value="false">${maven.compiler.skipMultiThreadWarning}</skipMultiThreadWarning>
  <source default-value="1.5">${maven.compiler.source}</source>
  <staleMillis default-value="0">${lastModGranularityMs}</staleMillis>
  <target default-value="1.5">${maven.compiler.target}</target>
  <testSource>${maven.compiler.testSource}</testSource>
  <testTarget>${maven.compiler.testTarget}</testTarget>
  <useIncrementalCompilation default-value="true">${maven.compiler.useIncrementalCompilation}</useIncrementalCompilation>
  <verbose default-value="false">${maven.compiler.verbose}</verbose>
  <mavenSession default-value="${session}"/>
  <session default-value="${session}"/>
</configuration>
[DEBUG] -----------------------------------------------------------------------
[DEBUG] Goal:          org.apache.maven.plugins:maven-surefire-plugin:3.0.0-M1:test (default-test)
[DEBUG] Style:         Regular
[DEBUG] Configuration: <?xml version="1.0" encoding="UTF-8"?>
<configuration>
  <additionalClasspathElements>${maven.test.additionalClasspath}</additionalClasspathElements>
  <argLine>${argLine}</argLine>
  <basedir default-value="${basedir}"/>
  <childDelegation default-value="false">${childDelegation}</childDelegation>
  <classesDirectory default-value="${project.build.outputDirectory}">${project.build.directory}/generated-classes/cobertura</classesDirectory>
  <classpathDependencyExcludes>${maven.test.dependency.excludes}</classpathDependencyExcludes>
  <debugForkedProcess>${maven.surefire.debug}</debugForkedProcess>
  <dependenciesToScan>${dependenciesToScan}</dependenciesToScan>
  <disableXmlReport default-value="false">${disableXmlReport}</disableXmlReport>
  <enableAssertions default-value="true">${enableAssertions}</enableAssertions>
  <encoding default-value="${project.reporting.outputEncoding}">${surefire.encoding}</encoding>
  <excludedGroups>${excludedGroups}</excludedGroups>
  <excludesFile>${surefire.excludesFile}</excludesFile>
  <failIfNoSpecifiedTests>${surefire.failIfNoSpecifiedTests}</failIfNoSpecifiedTests>
  <failIfNoTests>${failIfNoTests}</failIfNoTests>
  <forkCount default-value="1">${forkCount}</forkCount>
  <forkMode default-value="once">${forkMode}</forkMode>
  <forkedProcessExitTimeoutInSeconds default-value="30">${surefire.exitTimeout}</forkedProcessExitTimeoutInSeconds>
  <forkedProcessTimeoutInSeconds>${surefire.timeout}</forkedProcessTimeoutInSeconds>
  <groups>${groups}</groups>
  <includesFile>${surefire.includesFile}</includesFile>
  <junitArtifactName default-value="junit:junit">${junitArtifactName}</junitArtifactName>
  <junitPlatformArtifactName default-value="org.junit.platform:junit-platform-engine">${junitPlatformArtifactName}</junitPlatformArtifactName>
  <jvm>${jvm}</jvm>
  <localRepository default-value="${localRepository}"/>
  <objectFactory>${objectFactory}</objectFactory>
  <parallel>${parallel}</parallel>
  <parallelMavenExecution default-value="${session.parallel}"/>
  <parallelOptimized default-value="true">${parallelOptimized}</parallelOptimized>
  <parallelTestsTimeoutForcedInSeconds>${surefire.parallel.forcedTimeout}</parallelTestsTimeoutForcedInSeconds>
  <parallelTestsTimeoutInSeconds>${surefire.parallel.timeout}</parallelTestsTimeoutInSeconds>
  <perCoreThreadCount default-value="true">${perCoreThreadCount}</perCoreThreadCount>
  <pluginArtifactMap>${plugin.artifactMap}</pluginArtifactMap>
  <pluginDescriptor default-value="${plugin}"/>
  <printSummary default-value="true">${surefire.printSummary}</printSummary>
  <project default-value="${project}"/>
  <projectArtifactMap>${project.artifactMap}</projectArtifactMap>
  <projectBuildDirectory default-value="${project.build.directory}"/>
  <redirectTestOutputToFile default-value="false">${maven.test.redirectTestOutputToFile}</redirectTestOutputToFile>
  <remoteRepositories default-value="${project.pluginArtifactRepositories}"/>
  <reportFormat default-value="brief">${surefire.reportFormat}</reportFormat>
  <reportNameSuffix default-value="">${surefire.reportNameSuffix}</reportNameSuffix>
  <reportsDirectory default-value="${project.build.directory}/surefire-reports"/>
  <rerunFailingTestsCount default-value="0">${surefire.rerunFailingTestsCount}</rerunFailingTestsCount>
  <reuseForks default-value="true">${reuseForks}</reuseForks>
  <runOrder default-value="filesystem">${surefire.runOrder}</runOrder>
  <session default-value="${session}"/>
  <shutdown default-value="testset">${surefire.shutdown}</shutdown>
  <skip default-value="false">${maven.test.skip}</skip>
  <skipAfterFailureCount default-value="0">${surefire.skipAfterFailureCount}</skipAfterFailureCount>
  <skipExec>${maven.test.skip.exec}</skipExec>
  <skipTests default-value="false">${skipTests}</skipTests>
  <suiteXmlFiles>${surefire.suiteXmlFiles}</suiteXmlFiles>
  <tempDir default-value="surefire">${tempDir}</tempDir>
  <test>${test}</test>
  <testClassesDirectory default-value="${project.build.testOutputDirectory}"/>
  <testFailureIgnore default-value="false">true</testFailureIgnore>
  <testNGArtifactName default-value="org.testng:testng">${testNGArtifactName}</testNGArtifactName>
  <testSourceDirectory default-value="${project.build.testSourceDirectory}"/>
  <threadCount>${threadCount}</threadCount>
  <threadCountClasses default-value="0">${threadCountClasses}</threadCountClasses>
  <threadCountMethods default-value="0">${threadCountMethods}</threadCountMethods>
  <threadCountSuites default-value="0">${threadCountSuites}</threadCountSuites>
  <trimStackTrace default-value="true">${trimStackTrace}</trimStackTrace>
  <useFile default-value="true">${surefire.useFile}</useFile>
  <useManifestOnlyJar default-value="true">${surefire.useManifestOnlyJar}</useManifestOnlyJar>
  <useSystemClassLoader default-value="true">${surefire.useSystemClassLoader}</useSystemClassLoader>
  <useUnlimitedThreads default-value="false">${useUnlimitedThreads}</useUnlimitedThreads>
  <workingDirectory>${basedir}</workingDirectory>
</configuration>
[DEBUG] --- exit fork of com.github.vitalliuss.helloci:hello-ci:1.0-SNAPSHOT for org.codehaus.mojo:cobertura-maven-plugin:2.7:cobertura (default) ---
[DEBUG] -----------------------------------------------------------------------
[DEBUG] Goal:          org.codehaus.mojo:cobertura-maven-plugin:2.7:cobertura (default)
[DEBUG] Style:         Regular
[DEBUG] Configuration: <?xml version="1.0" encoding="UTF-8"?>
<configuration>
  <aggregate default-value="false">${cobertura.aggregate}</aggregate>
  <dataFile default-value="${project.build.directory}/cobertura/cobertura.ser">${cobertura.datafile}</dataFile>
  <encoding default-value="UTF-8">${project.build.sourceEncoding}</encoding>
  <format>${cobertura.report.format}</format>
  <formats>
    <format>xml</format>
  </formats>
  <maxmem>${cobertura.maxmem}</maxmem>
  <omitGplFiles default-value="false">${cobertura.omitGplFiles}</omitGplFiles>
  <outputDirectory default-value="${project.reporting.outputDirectory}/cobertura"/>
  <pluginClasspathList default-value="${plugin.artifacts}"/>
  <project default-value="${project}"/>
  <quiet default-value="false">${quiet}</quiet>
  <reactorProjects>${reactorProjects}</reactorProjects>
</configuration>
[DEBUG] -----------------------------------------------------------------------
[DEBUG] Goal:          org.apache.maven.plugins:maven-install-plugin:2.4:install (default-install)
[DEBUG] Style:         Regular
[DEBUG] Configuration: <?xml version="1.0" encoding="UTF-8"?>
<configuration>
  <artifact default-value="${project.artifact}"/>
  <attachedArtifacts default-value="${project.attachedArtifacts}"/>
  <createChecksum default-value="false">${createChecksum}</createChecksum>
  <localRepository>${localRepository}</localRepository>
  <packaging default-value="${project.packaging}"/>
  <pomFile default-value="${project.file}"/>
  <skip default-value="false">${maven.install.skip}</skip>
  <updateReleaseInfo default-value="false">${updateReleaseInfo}</updateReleaseInfo>
</configuration>
[DEBUG] =======================================================================
[DEBUG] Dependency collection stats {ConflictMarker.analyzeTime=665300, ConflictMarker.markTime=104800, ConflictMarker.nodeCount=3, ConflictIdSorter.graphTime=373400, ConflictIdSorter.topsortTime=534500, ConflictIdSorter.conflictIdCount=2, ConflictIdSorter.conflictIdCycleCount=0, ConflictResolver.totalTime=2271900, ConflictResolver.conflictItemCount=2, DefaultDependencyCollector.collectTime=9846700, DefaultDependencyCollector.transformTime=5716500}
[DEBUG] com.github.vitalliuss.helloci:hello-ci:jar:1.0-SNAPSHOT
[DEBUG]    junit:junit:jar:4.12:compile
[DEBUG]       org.hamcrest:hamcrest-core:jar:1.3:compile
[INFO] 
[INFO] --- maven-resources-plugin:2.6:resources (default-resources) @ hello-ci ---
[DEBUG] Using mirror maven-default-http-blocker (http://0.0.0.0/) for apache.snapshots (http://people.apache.org/repo/m2-snapshot-repository).
[DEBUG] Using mirror maven-default-http-blocker (http://0.0.0.0/) for codehaus.snapshots (http://snapshots.repository.codehaus.org).
[DEBUG] Using mirror maven-default-http-blocker (http://0.0.0.0/) for snapshots (http://snapshots.maven.codehaus.org/maven2).
[DEBUG] Using mirror maven-default-http-blocker (http://0.0.0.0/) for central (http://repo1.maven.org/maven2).
[DEBUG] Dependency collection stats {ConflictMarker.analyzeTime=253000, ConflictMarker.markTime=135100, ConflictMarker.nodeCount=77, ConflictIdSorter.graphTime=162800, ConflictIdSorter.topsortTime=28200, ConflictIdSorter.conflictIdCount=26, ConflictIdSorter.conflictIdCycleCount=0, ConflictResolver.totalTime=1622400, ConflictResolver.conflictItemCount=74, DefaultDependencyCollector.collectTime=119277600, DefaultDependencyCollector.transformTime=2272500}
[DEBUG] org.apache.maven.plugins:maven-resources-plugin:jar:2.6
[DEBUG]    org.apache.maven:maven-plugin-api:jar:2.0.6:compile
[DEBUG]    org.apache.maven:maven-project:jar:2.0.6:compile
[DEBUG]       org.apache.maven:maven-profile:jar:2.0.6:compile
[DEBUG]       org.apache.maven:maven-artifact-manager:jar:2.0.6:compile
[DEBUG]       org.apache.maven:maven-plugin-registry:jar:2.0.6:compile
[DEBUG]    org.apache.maven:maven-core:jar:2.0.6:compile
[DEBUG]       org.apache.maven:maven-plugin-parameter-documenter:jar:2.0.6:compile
[DEBUG]       org.apache.maven.reporting:maven-reporting-api:jar:2.0.6:compile
[DEBUG]          org.apache.maven.doxia:doxia-sink-api:jar:1.0-alpha-7:compile
[DEBUG]       org.apache.maven:maven-repository-metadata:jar:2.0.6:compile
[DEBUG]       org.apache.maven:maven-error-diagnostics:jar:2.0.6:compile
[DEBUG]       commons-cli:commons-cli:jar:1.0:compile
[DEBUG]       org.apache.maven:maven-plugin-descriptor:jar:2.0.6:compile
[DEBUG]       org.codehaus.plexus:plexus-interactivity-api:jar:1.0-alpha-4:compile
[DEBUG]       classworlds:classworlds:jar:1.1:compile
[DEBUG]    org.apache.maven:maven-artifact:jar:2.0.6:compile
[DEBUG]    org.apache.maven:maven-settings:jar:2.0.6:compile
[DEBUG]    org.apache.maven:maven-model:jar:2.0.6:compile
[DEBUG]    org.apache.maven:maven-monitor:jar:2.0.6:compile
[DEBUG]    org.codehaus.plexus:plexus-container-default:jar:1.0-alpha-9-stable-1:compile
[DEBUG]       junit:junit:jar:3.8.1:compile
[DEBUG]    org.codehaus.plexus:plexus-utils:jar:2.0.5:compile
[DEBUG]    org.apache.maven.shared:maven-filtering:jar:1.1:compile
[DEBUG]       org.sonatype.plexus:plexus-build-api:jar:0.0.4:compile
[DEBUG]    org.codehaus.plexus:plexus-interpolation:jar:1.13:compile
[DEBUG] Created new class realm plugin>org.apache.maven.plugins:maven-resources-plugin:2.6
[DEBUG] Importing foreign packages into class realm plugin>org.apache.maven.plugins:maven-resources-plugin:2.6
[DEBUG]   Imported:  < maven.api
[DEBUG] Populating class realm plugin>org.apache.maven.plugins:maven-resources-plugin:2.6
[DEBUG]   Included: org.apache.maven.plugins:maven-resources-plugin:jar:2.6
[DEBUG]   Included: org.apache.maven.reporting:maven-reporting-api:jar:2.0.6
[DEBUG]   Included: org.apache.maven.doxia:doxia-sink-api:jar:1.0-alpha-7
[DEBUG]   Included: commons-cli:commons-cli:jar:1.0
[DEBUG]   Included: org.codehaus.plexus:plexus-interactivity-api:jar:1.0-alpha-4
[DEBUG]   Included: junit:junit:jar:3.8.1
[DEBUG]   Included: org.codehaus.plexus:plexus-utils:jar:2.0.5
[DEBUG]   Included: org.apache.maven.shared:maven-filtering:jar:1.1
[DEBUG]   Included: org.sonatype.plexus:plexus-build-api:jar:0.0.4
[DEBUG]   Included: org.codehaus.plexus:plexus-interpolation:jar:1.13
[DEBUG] Configuring mojo org.apache.maven.plugins:maven-resources-plugin:2.6:resources from plugin realm ClassRealm[plugin>org.apache.maven.plugins:maven-resources-plugin:2.6, parent: jdk.internal.loader.ClassLoaders$AppClassLoader@2a139a55]
[DEBUG] Configuring mojo 'org.apache.maven.plugins:maven-resources-plugin:2.6:resources' with basic configurator -->
[DEBUG]   (f) buildFilters = []
[DEBUG]   (f) encoding = UTF-8
[DEBUG]   (f) escapeWindowsPaths = true
[DEBUG]   (s) includeEmptyDirs = false
[DEBUG]   (s) outputDirectory = C:\Users\Mikhail_Kazlou\IdeaProjects\helloci-master\Java\target\classes
[DEBUG]   (s) overwrite = false
[DEBUG]   (f) project = MavenProject: com.github.vitalliuss.helloci:hello-ci:1.0-SNAPSHOT @ C:\Users\Mikhail_Kazlou\IdeaProjects\helloci-master\Java\pom.xml
[DEBUG]   (s) resources = [Resource {targetPath: null, filtering: false, FileSet {directory: C:\Users\Mikhail_Kazlou\IdeaProjects\helloci-master\Java\src\main\resources, PatternSet [includes: {}, excludes: {}]}}]
[DEBUG]   (f) session = org.apache.maven.execution.MavenSession@325bb9a6
[DEBUG]   (f) supportMultiLineFiltering = false
[DEBUG]   (f) useBuildFilters = true
[DEBUG]   (s) useDefaultDelimiters = true
[DEBUG] -- end configuration --
[DEBUG] properties used {env.NUMBER_OF_PROCESSORS=8, env.USERPROFILE=C:\Users\Mikhail_Kazlou, java.specification.version=17, sun.cpu.isalist=amd64, sun.arch.data.model=64, env.PROGRAMW6432=C:\Program Files, java.vendor.url=https://java.oracle.com/, env.OS=Windows_NT, sun.boot.library.path=C:\Program Files\Java\jdk-17\bin, sun.java.command=org.codehaus.plexus.classworlds.launcher.Launcher -X install, env.SYSTEMROOT=C:\windows, jdk.debug=release, maven.version=3.8.2, java.specification.vendor=Oracle Corporation, java.version.date=2021-09-14, java.home=C:\Program Files\Java\jdk-17, java.vm.specification.vendor=Oracle Corporation, java.specification.name=Java Platform API Specification, env.LOCALAPPDATA=C:\Users\Mikhail_Kazlou\AppData\Local, env.USERDOMAIN_ROAMINGPROFILE=EPAM, user.script=, env.PLATFORMCODE=AN, sun.management.compiler=HotSpot 64-Bit Tiered Compilers, java.runtime.version=17+35-LTS-2724, env.PATH=C:\Program Files\Common Files\Oracle\Java\javapath;C:\windows\system32;C:\windows;C:\windows\System32\Wbem;C:\windows\System32\WindowsPowerShell\v1.0\;C:\windows\System32\OpenSSH\;C:\Program Files (x86)\Microsoft SQL Server\Client SDK\ODBC\110\Tools\Binn\;C:\Program Files (x86)\Microsoft SQL Server\120\Tools\Binn\;C:\Program Files (x86)\Microsoft SQL Server\120\DTS\Binn\;C:\Program Files (x86)\Microsoft SQL Server\120\Tools\Binn\ManagementStudio\;C:\Program Files (x86)\Microsoft SQL Server\150\DTS\Binn\;C:\Program Files\Azure Data Studio\bin;C:\Program Files\Git\cmd;C:\Program Files\Docker\Docker\resources\bin;C:\apache-maven-3.8.2\bin;C:\Tools;C:\Program Files\Java\jdk-17\bin;C:\Users\Mikhail_Kazlou\AppData\Local\Programs\Fiddler;C:\Program Files (x86)\BrowserStackLocal\;C:\Program Files\Azure Data Studio\bin;, env.PUBLIC=C:\Users\Public, env.EXEC_DIR=C:\Users\Mikhail_Kazlou\IdeaProjects\helloci-master\Java, env.COMMONPROGRAMW6432=C:\Program Files\Common Files, file.encoding=Cp1252, env.COMPUTERNAME=EPBYGOMW028B, env.HOMEPATH=\Users\Mikhail_Kazlou, env.APPDATA=C:\Users\Mikhail_Kazlou\AppData\Roaming, java.io.tmpdir=C:\Users\MIKHAI~1\AppData\Local\Temp\, java.version=17, java.vm.specification.name=Java Virtual Machine Specification, native.encoding=Cp1252, java.library.path=C:\Program Files\Java\jdk-17\bin;C:\windows\Sun\Java\bin;C:\windows\system32;C:\windows;C:\Program Files\Common Files\Oracle\Java\javapath;C:\windows\system32;C:\windows;C:\windows\System32\Wbem;C:\windows\System32\WindowsPowerShell\v1.0\;C:\windows\System32\OpenSSH\;C:\Program Files (x86)\Microsoft SQL Server\Client SDK\ODBC\110\Tools\Binn\;C:\Program Files (x86)\Microsoft SQL Server\120\Tools\Binn\;C:\Program Files (x86)\Microsoft SQL Server\120\DTS\Binn\;C:\Program Files (x86)\Microsoft SQL Server\120\Tools\Binn\ManagementStudio\;C:\Program Files (x86)\Microsoft SQL Server\150\DTS\Binn\;C:\Program Files\Azure Data Studio\bin;C:\Program Files\Git\cmd;C:\Program Files\Docker\Docker\resources\bin;C:\apache-maven-3.8.2\bin;C:\Tools;C:\Program Files\Java\jdk-17\bin;C:\Users\Mikhail_Kazlou\AppData\Local\Programs\Fiddler;C:\Program Files (x86)\BrowserStackLocal\;C:\Program Files\Azure Data Studio\bin;;., java.vendor=Oracle Corporation, env.ERROR_CODE=0, classworlds.conf=C:\apache-maven-3.8.2\bin\m2.conf, sun.io.unicode.encoding=UnicodeLittle, env.REGIONCODE=EMEA, java.vm.specification.version=17, os.name=Windows 10, env.=EXITCODE=00000001, env.=::=::\, maven.compiler.source=1.8, user.home=C:\Users\Mikhail_Kazlou, env.ONEDRIVECOMMERCIAL=C:\Users\Mikhail_Kazlou\OneDrive - EPAM, env.ALLUSERSPROFILE=C:\ProgramData, env.SESSIONNAME=Console, path.separator=;, os.version=10.0, env.CLASSWORLDS_LAUNCHER=org.codehaus.plexus.classworlds.launcher.Launcher, env.PATHEXT=.COM;.EXE;.BAT;.CMD;.VBS;.VBE;.JS;.JSE;.WSF;.WSH;.MSC, java.vm.name=Java HotSpot(TM) 64-Bit Server VM, env.ONLINESERVICES=Online Services, env.USERNAME=Mikhail_Kazlou, os.arch=amd64, maven.multiModuleProjectDirectory=C:\Users\Mikhail_Kazlou\IdeaProjects\helloci-master\Java, env.MAVEN_PROJECTBASEDIR=C:\Users\Mikhail_Kazlou\IdeaProjects\helloci-master\Java, java.vm.info=mixed mode, sharing, env.TEMP=C:\Users\MIKHAI~1\AppData\Local\Temp, java.class.version=61.0, env.ONEDRIVE=C:\Users\Mikhail_Kazlou\OneDrive - EPAM, sun.jnu.encoding=Cp1252, env.UATDATA=C:\windows\CCM\UATData\D9F8C395-CAB8-491d-B8AC-179A1FE1BE77, maven.build.version=Apache Maven 3.8.2 (ea98e05a04480131370aa0c110b8c54cf726c06f), maven.home=C:\apache-maven-3.8.2, sun.stderr.encoding=cp850, env.JAVA_HOME=C:\Program Files\Java\jdk-17, env.PROGRAMFILES=C:\Program Files, file.separator=\, java.vm.compressedOopsMode=Zero based, env.CLASSWORLDS_JAR="C:\apache-maven-3.8.2\boot\plexus-classworlds-2.6.0.jar", line.separator=
, env.PROMPT=$P$G, env.PROCESSOR_REVISION=8c01, env.PROCESSOR_IDENTIFIER=Intel64 Family 6 Model 140 Stepping 1, GenuineIntel, env.PROGRAMDATA=C:\ProgramData, user.name=Mikhail_Kazlou, env.DRIVERDATA=C:\Windows\System32\Drivers\DriverData, env.SYSTEMDRIVE=C:, env.JVMCONFIG=\.mvn\jvm.config, env.VBOX_MSI_INSTALL_PATH=C:\Program Files\Oracle\VirtualBox\, env.PROGRAMFILES(X86)=C:\Program Files (x86), env.PROCESSOR_LEVEL=6, env.HOMEDRIVE=C:, env.PSMODULEPATH=C:\Program Files\WindowsPowerShell\Modules;C:\windows\system32\WindowsPowerShell\v1.0\Modules;C:\Program Files (x86)\Microsoft SQL Server\120\Tools\PowerShell\Modules\, env.TMP=C:\Users\MIKHAI~1\AppData\Local\Temp, sun.os.patch.level=, maven.compiler.target=1.8, env.LOGONSERVER=\\EPBYGOMW028B, env.WINDIR=C:\windows, env.USERDNSDOMAIN=epam.com, java.class.path=C:\apache-maven-3.8.2\boot\plexus-classworlds-2.6.0.jar, java.vm.vendor=Oracle Corporation, env.PROCESSOR_ARCHITECTURE=AMD64, user.variant=, env.COMMONPROGRAMFILES=C:\Program Files\Common Files, maven.conf=C:\apache-maven-3.8.2/conf, sun.java.launcher=SUN_STANDARD, user.country=US, env.USERDOMAIN=EPAM, env.COMSPEC=C:\windows\system32\cmd.exe, sun.cpu.endian=little, user.language=en, env.__PSLOCKDOWNPOLICY=0, env.JAVACMD=C:\Program Files\Java\jdk-17\bin\java.exe, env.MAVEN_HOME=C:\apache-maven-3.8.2, env.WDIR=C:\, env.=C:=C:\Users\Mikhail_Kazlou\IdeaProjects\helloci-master\Java, java.runtime.name=Java(TM) SE Runtime Environment, project.build.sourceEncoding=UTF-8, env.COMMONPROGRAMFILES(X86)=C:\Program Files (x86)\Common Files, env.ZES_ENABLE_SYSMAN=1, env.MAVEN_CMD_LINE_ARGS=-X install, java.vendor.url.bug=https://bugreport.java.com/bugreport/, user.dir=C:\Users\Mikhail_Kazlou\IdeaProjects\helloci-master\Java, java.vm.version=17+35-LTS-2724}
[INFO] Using 'UTF-8' encoding to copy filtered resources.
[DEBUG] resource with targetPath null
directory C:\Users\Mikhail_Kazlou\IdeaProjects\helloci-master\Java\src\main\resources
excludes []
includes []
[INFO] skip non existing resourceDirectory C:\Users\Mikhail_Kazlou\IdeaProjects\helloci-master\Java\src\main\resources
[DEBUG] no use filter components
[INFO] 
[INFO] --- maven-compiler-plugin:3.1:compile (default-compile) @ hello-ci ---
[DEBUG] Using mirror maven-default-http-blocker (http://0.0.0.0/) for apache-snapshots (http://people.apache.org/repo/m2-snapshot-repository).
[DEBUG] Dependency collection stats {ConflictMarker.analyzeTime=281500, ConflictMarker.markTime=136300, ConflictMarker.nodeCount=160, ConflictIdSorter.graphTime=107300, ConflictIdSorter.topsortTime=35800, ConflictIdSorter.conflictIdCount=43, ConflictIdSorter.conflictIdCycleCount=0, ConflictResolver.totalTime=1556400, ConflictResolver.conflictItemCount=63, DefaultDependencyCollector.collectTime=219806100, DefaultDependencyCollector.transformTime=2137600}
[DEBUG] org.apache.maven.plugins:maven-compiler-plugin:jar:3.1
[DEBUG]    org.apache.maven:maven-plugin-api:jar:2.0.9:compile
[DEBUG]    org.apache.maven:maven-artifact:jar:2.0.9:compile
[DEBUG]       org.codehaus.plexus:plexus-utils:jar:1.5.1:compile
[DEBUG]    org.apache.maven:maven-core:jar:2.0.9:compile
[DEBUG]       org.apache.maven:maven-settings:jar:2.0.9:compile
[DEBUG]       org.apache.maven:maven-plugin-parameter-documenter:jar:2.0.9:compile
[DEBUG]       org.apache.maven:maven-profile:jar:2.0.9:compile
[DEBUG]       org.apache.maven:maven-model:jar:2.0.9:compile
[DEBUG]       org.apache.maven:maven-repository-metadata:jar:2.0.9:compile
[DEBUG]       org.apache.maven:maven-error-diagnostics:jar:2.0.9:compile
[DEBUG]       org.apache.maven:maven-project:jar:2.0.9:compile
[DEBUG]          org.apache.maven:maven-plugin-registry:jar:2.0.9:compile
[DEBUG]       org.apache.maven:maven-plugin-descriptor:jar:2.0.9:compile
[DEBUG]       org.apache.maven:maven-artifact-manager:jar:2.0.9:compile
[DEBUG]       org.apache.maven:maven-monitor:jar:2.0.9:compile
[DEBUG]    org.apache.maven:maven-toolchain:jar:1.0:compile
[DEBUG]    org.apache.maven.shared:maven-shared-utils:jar:0.1:compile
[DEBUG]       com.google.code.findbugs:jsr305:jar:2.0.1:compile
[DEBUG]    org.apache.maven.shared:maven-shared-incremental:jar:1.1:compile
[DEBUG]       org.codehaus.plexus:plexus-component-annotations:jar:1.5.5:compile (version managed from default)
[DEBUG]    org.codehaus.plexus:plexus-compiler-api:jar:2.2:compile
[DEBUG]    org.codehaus.plexus:plexus-compiler-manager:jar:2.2:compile
[DEBUG]    org.codehaus.plexus:plexus-compiler-javac:jar:2.2:runtime
[DEBUG]    org.codehaus.plexus:plexus-container-default:jar:1.5.5:compile
[DEBUG]       org.codehaus.plexus:plexus-classworlds:jar:2.2.2:compile
[DEBUG]       org.apache.xbean:xbean-reflect:jar:3.4:compile
[DEBUG]          log4j:log4j:jar:1.2.12:compile
[DEBUG]          commons-logging:commons-logging-api:jar:1.1:compile
[DEBUG]       com.google.collections:google-collections:jar:1.0:compile
[DEBUG]       junit:junit:jar:3.8.2:compile
[DEBUG] Created new class realm plugin>org.apache.maven.plugins:maven-compiler-plugin:3.1
[DEBUG] Importing foreign packages into class realm plugin>org.apache.maven.plugins:maven-compiler-plugin:3.1
[DEBUG]   Imported:  < maven.api
[DEBUG] Populating class realm plugin>org.apache.maven.plugins:maven-compiler-plugin:3.1
[DEBUG]   Included: org.apache.maven.plugins:maven-compiler-plugin:jar:3.1
[DEBUG]   Included: org.codehaus.plexus:plexus-utils:jar:1.5.1
[DEBUG]   Included: org.apache.maven.shared:maven-shared-utils:jar:0.1
[DEBUG]   Included: com.google.code.findbugs:jsr305:jar:2.0.1
[DEBUG]   Included: org.apache.maven.shared:maven-shared-incremental:jar:1.1
[DEBUG]   Included: org.codehaus.plexus:plexus-component-annotations:jar:1.5.5
[DEBUG]   Included: org.codehaus.plexus:plexus-compiler-api:jar:2.2
[DEBUG]   Included: org.codehaus.plexus:plexus-compiler-manager:jar:2.2
[DEBUG]   Included: org.codehaus.plexus:plexus-compiler-javac:jar:2.2
[DEBUG]   Included: org.apache.xbean:xbean-reflect:jar:3.4
[DEBUG]   Included: log4j:log4j:jar:1.2.12
[DEBUG]   Included: commons-logging:commons-logging-api:jar:1.1
[DEBUG]   Included: com.google.collections:google-collections:jar:1.0
[DEBUG]   Included: junit:junit:jar:3.8.2
[DEBUG] Configuring mojo org.apache.maven.plugins:maven-compiler-plugin:3.1:compile from plugin realm ClassRealm[plugin>org.apache.maven.plugins:maven-compiler-plugin:3.1, parent: jdk.internal.loader.ClassLoaders$AppClassLoader@2a139a55]
[DEBUG] Configuring mojo 'org.apache.maven.plugins:maven-compiler-plugin:3.1:compile' with basic configurator -->
[DEBUG]   (f) basedir = C:\Users\Mikhail_Kazlou\IdeaProjects\helloci-master\Java
[DEBUG]   (f) buildDirectory = C:\Users\Mikhail_Kazlou\IdeaProjects\helloci-master\Java\target
[DEBUG]   (f) classpathElements = [C:\Users\Mikhail_Kazlou\IdeaProjects\helloci-master\Java\target\classes, C:\Users\Mikhail_Kazlou\.m2\repository\junit\junit\4.12\junit-4.12.jar, C:\Users\Mikhail_Kazlou\.m2\repository\org\hamcrest\hamcrest-core\1.3\hamcrest-core-1.3.jar]
[DEBUG]   (f) compileSourceRoots = [C:\Users\Mikhail_Kazlou\IdeaProjects\helloci-master\Java\src\main\java]
[DEBUG]   (f) compilerId = javac
[DEBUG]   (f) debug = true
[DEBUG]   (f) encoding = UTF-8
[DEBUG]   (f) failOnError = true
[DEBUG]   (f) forceJavacCompilerUse = false
[DEBUG]   (f) fork = false
[DEBUG]   (f) generatedSourcesDirectory = C:\Users\Mikhail_Kazlou\IdeaProjects\helloci-master\Java\target\generated-sources\annotations
[DEBUG]   (f) mojoExecution = org.apache.maven.plugins:maven-compiler-plugin:3.1:compile {execution: default-compile}
[DEBUG]   (f) optimize = false
[DEBUG]   (f) outputDirectory = C:\Users\Mikhail_Kazlou\IdeaProjects\helloci-master\Java\target\classes
[DEBUG]   (f) projectArtifact = com.github.vitalliuss.helloci:hello-ci:jar:1.0-SNAPSHOT
[DEBUG]   (f) showDeprecation = false
[DEBUG]   (f) showWarnings = false
[DEBUG]   (f) skipMultiThreadWarning = false
[DEBUG]   (f) source = 1.8
[DEBUG]   (f) staleMillis = 0
[DEBUG]   (f) target = 1.8
[DEBUG]   (f) useIncrementalCompilation = true
[DEBUG]   (f) verbose = false
[DEBUG]   (f) mavenSession = org.apache.maven.execution.MavenSession@325bb9a6
[DEBUG]   (f) session = org.apache.maven.execution.MavenSession@325bb9a6
[DEBUG] -- end configuration --
[DEBUG] Using compiler 'javac'.
[DEBUG] Source directories: [C:\Users\Mikhail_Kazlou\IdeaProjects\helloci-master\Java\src\main\java]
[DEBUG] Classpath: [C:\Users\Mikhail_Kazlou\IdeaProjects\helloci-master\Java\target\classes
 C:\Users\Mikhail_Kazlou\.m2\repository\junit\junit\4.12\junit-4.12.jar
 C:\Users\Mikhail_Kazlou\.m2\repository\org\hamcrest\hamcrest-core\1.3\hamcrest-core-1.3.jar]
[DEBUG] Output directory: C:\Users\Mikhail_Kazlou\IdeaProjects\helloci-master\Java\target\classes
[DEBUG] CompilerReuseStrategy: reuseCreated
[DEBUG] useIncrementalCompilation enabled
[INFO] Nothing to compile - all classes are up to date
[INFO] 
[INFO] --- maven-resources-plugin:2.6:testResources (default-testResources) @ hello-ci ---
[DEBUG] Configuring mojo org.apache.maven.plugins:maven-resources-plugin:2.6:testResources from plugin realm ClassRealm[plugin>org.apache.maven.plugins:maven-resources-plugin:2.6, parent: jdk.internal.loader.ClassLoaders$AppClassLoader@2a139a55]
[DEBUG] Configuring mojo 'org.apache.maven.plugins:maven-resources-plugin:2.6:testResources' with basic configurator -->
[DEBUG]   (f) buildFilters = []
[DEBUG]   (f) encoding = UTF-8
[DEBUG]   (f) escapeWindowsPaths = true
[DEBUG]   (s) includeEmptyDirs = false
[DEBUG]   (s) outputDirectory = C:\Users\Mikhail_Kazlou\IdeaProjects\helloci-master\Java\target\test-classes
[DEBUG]   (s) overwrite = false
[DEBUG]   (f) project = MavenProject: com.github.vitalliuss.helloci:hello-ci:1.0-SNAPSHOT @ C:\Users\Mikhail_Kazlou\IdeaProjects\helloci-master\Java\pom.xml
[DEBUG]   (s) resources = [Resource {targetPath: null, filtering: false, FileSet {directory: C:\Users\Mikhail_Kazlou\IdeaProjects\helloci-master\Java\src\test\resources, PatternSet [includes: {}, excludes: {}]}}]
[DEBUG]   (f) session = org.apache.maven.execution.MavenSession@325bb9a6
[DEBUG]   (f) supportMultiLineFiltering = false
[DEBUG]   (f) useBuildFilters = true
[DEBUG]   (s) useDefaultDelimiters = true
[DEBUG] -- end configuration --
[DEBUG] properties used {env.NUMBER_OF_PROCESSORS=8, env.USERPROFILE=C:\Users\Mikhail_Kazlou, java.specification.version=17, sun.cpu.isalist=amd64, sun.arch.data.model=64, env.PROGRAMW6432=C:\Program Files, java.vendor.url=https://java.oracle.com/, env.OS=Windows_NT, sun.boot.library.path=C:\Program Files\Java\jdk-17\bin, sun.java.command=org.codehaus.plexus.classworlds.launcher.Launcher -X install, env.SYSTEMROOT=C:\windows, jdk.debug=release, maven.version=3.8.2, java.specification.vendor=Oracle Corporation, java.version.date=2021-09-14, java.home=C:\Program Files\Java\jdk-17, java.vm.specification.vendor=Oracle Corporation, java.specification.name=Java Platform API Specification, env.LOCALAPPDATA=C:\Users\Mikhail_Kazlou\AppData\Local, env.USERDOMAIN_ROAMINGPROFILE=EPAM, user.script=, env.PLATFORMCODE=AN, sun.management.compiler=HotSpot 64-Bit Tiered Compilers, java.runtime.version=17+35-LTS-2724, env.PATH=C:\Program Files\Common Files\Oracle\Java\javapath;C:\windows\system32;C:\windows;C:\windows\System32\Wbem;C:\windows\System32\WindowsPowerShell\v1.0\;C:\windows\System32\OpenSSH\;C:\Program Files (x86)\Microsoft SQL Server\Client SDK\ODBC\110\Tools\Binn\;C:\Program Files (x86)\Microsoft SQL Server\120\Tools\Binn\;C:\Program Files (x86)\Microsoft SQL Server\120\DTS\Binn\;C:\Program Files (x86)\Microsoft SQL Server\120\Tools\Binn\ManagementStudio\;C:\Program Files (x86)\Microsoft SQL Server\150\DTS\Binn\;C:\Program Files\Azure Data Studio\bin;C:\Program Files\Git\cmd;C:\Program Files\Docker\Docker\resources\bin;C:\apache-maven-3.8.2\bin;C:\Tools;C:\Program Files\Java\jdk-17\bin;C:\Users\Mikhail_Kazlou\AppData\Local\Programs\Fiddler;C:\Program Files (x86)\BrowserStackLocal\;C:\Program Files\Azure Data Studio\bin;, env.PUBLIC=C:\Users\Public, env.EXEC_DIR=C:\Users\Mikhail_Kazlou\IdeaProjects\helloci-master\Java, env.COMMONPROGRAMW6432=C:\Program Files\Common Files, file.encoding=Cp1252, env.COMPUTERNAME=EPBYGOMW028B, env.HOMEPATH=\Users\Mikhail_Kazlou, env.APPDATA=C:\Users\Mikhail_Kazlou\AppData\Roaming, java.io.tmpdir=C:\Users\MIKHAI~1\AppData\Local\Temp\, java.version=17, java.vm.specification.name=Java Virtual Machine Specification, native.encoding=Cp1252, java.library.path=C:\Program Files\Java\jdk-17\bin;C:\windows\Sun\Java\bin;C:\windows\system32;C:\windows;C:\Program Files\Common Files\Oracle\Java\javapath;C:\windows\system32;C:\windows;C:\windows\System32\Wbem;C:\windows\System32\WindowsPowerShell\v1.0\;C:\windows\System32\OpenSSH\;C:\Program Files (x86)\Microsoft SQL Server\Client SDK\ODBC\110\Tools\Binn\;C:\Program Files (x86)\Microsoft SQL Server\120\Tools\Binn\;C:\Program Files (x86)\Microsoft SQL Server\120\DTS\Binn\;C:\Program Files (x86)\Microsoft SQL Server\120\Tools\Binn\ManagementStudio\;C:\Program Files (x86)\Microsoft SQL Server\150\DTS\Binn\;C:\Program Files\Azure Data Studio\bin;C:\Program Files\Git\cmd;C:\Program Files\Docker\Docker\resources\bin;C:\apache-maven-3.8.2\bin;C:\Tools;C:\Program Files\Java\jdk-17\bin;C:\Users\Mikhail_Kazlou\AppData\Local\Programs\Fiddler;C:\Program Files (x86)\BrowserStackLocal\;C:\Program Files\Azure Data Studio\bin;;., java.vendor=Oracle Corporation, env.ERROR_CODE=0, classworlds.conf=C:\apache-maven-3.8.2\bin\m2.conf, sun.io.unicode.encoding=UnicodeLittle, env.REGIONCODE=EMEA, java.vm.specification.version=17, os.name=Windows 10, env.=EXITCODE=00000001, env.=::=::\, maven.compiler.source=1.8, user.home=C:\Users\Mikhail_Kazlou, env.ONEDRIVECOMMERCIAL=C:\Users\Mikhail_Kazlou\OneDrive - EPAM, env.ALLUSERSPROFILE=C:\ProgramData, env.SESSIONNAME=Console, path.separator=;, os.version=10.0, env.CLASSWORLDS_LAUNCHER=org.codehaus.plexus.classworlds.launcher.Launcher, env.PATHEXT=.COM;.EXE;.BAT;.CMD;.VBS;.VBE;.JS;.JSE;.WSF;.WSH;.MSC, java.vm.name=Java HotSpot(TM) 64-Bit Server VM, env.ONLINESERVICES=Online Services, env.USERNAME=Mikhail_Kazlou, os.arch=amd64, maven.multiModuleProjectDirectory=C:\Users\Mikhail_Kazlou\IdeaProjects\helloci-master\Java, env.MAVEN_PROJECTBASEDIR=C:\Users\Mikhail_Kazlou\IdeaProjects\helloci-master\Java, java.vm.info=mixed mode, sharing, env.TEMP=C:\Users\MIKHAI~1\AppData\Local\Temp, java.class.version=61.0, env.ONEDRIVE=C:\Users\Mikhail_Kazlou\OneDrive - EPAM, sun.jnu.encoding=Cp1252, env.UATDATA=C:\windows\CCM\UATData\D9F8C395-CAB8-491d-B8AC-179A1FE1BE77, maven.build.version=Apache Maven 3.8.2 (ea98e05a04480131370aa0c110b8c54cf726c06f), maven.home=C:\apache-maven-3.8.2, sun.stderr.encoding=cp850, env.JAVA_HOME=C:\Program Files\Java\jdk-17, env.PROGRAMFILES=C:\Program Files, file.separator=\, java.vm.compressedOopsMode=Zero based, env.CLASSWORLDS_JAR="C:\apache-maven-3.8.2\boot\plexus-classworlds-2.6.0.jar", line.separator=
, env.PROMPT=$P$G, env.PROCESSOR_REVISION=8c01, env.PROCESSOR_IDENTIFIER=Intel64 Family 6 Model 140 Stepping 1, GenuineIntel, env.PROGRAMDATA=C:\ProgramData, user.name=Mikhail_Kazlou, env.DRIVERDATA=C:\Windows\System32\Drivers\DriverData, env.SYSTEMDRIVE=C:, env.JVMCONFIG=\.mvn\jvm.config, env.VBOX_MSI_INSTALL_PATH=C:\Program Files\Oracle\VirtualBox\, env.PROGRAMFILES(X86)=C:\Program Files (x86), env.PROCESSOR_LEVEL=6, env.HOMEDRIVE=C:, env.PSMODULEPATH=C:\Program Files\WindowsPowerShell\Modules;C:\windows\system32\WindowsPowerShell\v1.0\Modules;C:\Program Files (x86)\Microsoft SQL Server\120\Tools\PowerShell\Modules\, env.TMP=C:\Users\MIKHAI~1\AppData\Local\Temp, sun.os.patch.level=, maven.compiler.target=1.8, env.LOGONSERVER=\\EPBYGOMW028B, env.WINDIR=C:\windows, env.USERDNSDOMAIN=epam.com, java.class.path=C:\apache-maven-3.8.2\boot\plexus-classworlds-2.6.0.jar, java.vm.vendor=Oracle Corporation, env.PROCESSOR_ARCHITECTURE=AMD64, user.variant=, env.COMMONPROGRAMFILES=C:\Program Files\Common Files, maven.conf=C:\apache-maven-3.8.2/conf, sun.java.launcher=SUN_STANDARD, user.country=US, env.USERDOMAIN=EPAM, env.COMSPEC=C:\windows\system32\cmd.exe, sun.cpu.endian=little, user.language=en, env.__PSLOCKDOWNPOLICY=0, env.JAVACMD=C:\Program Files\Java\jdk-17\bin\java.exe, env.MAVEN_HOME=C:\apache-maven-3.8.2, env.WDIR=C:\, env.=C:=C:\Users\Mikhail_Kazlou\IdeaProjects\helloci-master\Java, java.runtime.name=Java(TM) SE Runtime Environment, project.build.sourceEncoding=UTF-8, env.COMMONPROGRAMFILES(X86)=C:\Program Files (x86)\Common Files, env.ZES_ENABLE_SYSMAN=1, env.MAVEN_CMD_LINE_ARGS=-X install, java.vendor.url.bug=https://bugreport.java.com/bugreport/, user.dir=C:\Users\Mikhail_Kazlou\IdeaProjects\helloci-master\Java, java.vm.version=17+35-LTS-2724}
[INFO] Using 'UTF-8' encoding to copy filtered resources.
[DEBUG] resource with targetPath null
directory C:\Users\Mikhail_Kazlou\IdeaProjects\helloci-master\Java\src\test\resources
excludes []
includes []
[INFO] skip non existing resourceDirectory C:\Users\Mikhail_Kazlou\IdeaProjects\helloci-master\Java\src\test\resources
[DEBUG] no use filter components
[INFO] 
[INFO] --- maven-compiler-plugin:3.1:testCompile (default-testCompile) @ hello-ci ---
[DEBUG] Configuring mojo org.apache.maven.plugins:maven-compiler-plugin:3.1:testCompile from plugin realm ClassRealm[plugin>org.apache.maven.plugins:maven-compiler-plugin:3.1, parent: jdk.internal.loader.ClassLoaders$AppClassLoader@2a139a55]
[DEBUG] Configuring mojo 'org.apache.maven.plugins:maven-compiler-plugin:3.1:testCompile' with basic configurator -->
[DEBUG]   (f) basedir = C:\Users\Mikhail_Kazlou\IdeaProjects\helloci-master\Java
[DEBUG]   (f) buildDirectory = C:\Users\Mikhail_Kazlou\IdeaProjects\helloci-master\Java\target
[DEBUG]   (f) classpathElements = [C:\Users\Mikhail_Kazlou\IdeaProjects\helloci-master\Java\target\test-classes, C:\Users\Mikhail_Kazlou\IdeaProjects\helloci-master\Java\target\classes, C:\Users\Mikhail_Kazlou\.m2\repository\junit\junit\4.12\junit-4.12.jar, C:\Users\Mikhail_Kazlou\.m2\repository\org\hamcrest\hamcrest-core\1.3\hamcrest-core-1.3.jar]
[DEBUG]   (f) compileSourceRoots = [C:\Users\Mikhail_Kazlou\IdeaProjects\helloci-master\Java\src\test\java]
[DEBUG]   (f) compilerId = javac
[DEBUG]   (f) debug = true
[DEBUG]   (f) encoding = UTF-8
[DEBUG]   (f) failOnError = true
[DEBUG]   (f) forceJavacCompilerUse = false
[DEBUG]   (f) fork = false
[DEBUG]   (f) generatedTestSourcesDirectory = C:\Users\Mikhail_Kazlou\IdeaProjects\helloci-master\Java\target\generated-test-sources\test-annotations
[DEBUG]   (f) mojoExecution = org.apache.maven.plugins:maven-compiler-plugin:3.1:testCompile {execution: default-testCompile}
[DEBUG]   (f) optimize = false
[DEBUG]   (f) outputDirectory = C:\Users\Mikhail_Kazlou\IdeaProjects\helloci-master\Java\target\test-classes
[DEBUG]   (f) showDeprecation = false
[DEBUG]   (f) showWarnings = false
[DEBUG]   (f) skipMultiThreadWarning = false
[DEBUG]   (f) source = 1.8
[DEBUG]   (f) staleMillis = 0
[DEBUG]   (f) target = 1.8
[DEBUG]   (f) useIncrementalCompilation = true
[DEBUG]   (f) verbose = false
[DEBUG]   (f) mavenSession = org.apache.maven.execution.MavenSession@325bb9a6
[DEBUG]   (f) session = org.apache.maven.execution.MavenSession@325bb9a6
[DEBUG] -- end configuration --
[DEBUG] Using compiler 'javac'.
[DEBUG] Source directories: [C:\Users\Mikhail_Kazlou\IdeaProjects\helloci-master\Java\src\test\java]
[DEBUG] Classpath: [C:\Users\Mikhail_Kazlou\IdeaProjects\helloci-master\Java\target\test-classes
 C:\Users\Mikhail_Kazlou\IdeaProjects\helloci-master\Java\target\classes
 C:\Users\Mikhail_Kazlou\.m2\repository\junit\junit\4.12\junit-4.12.jar
 C:\Users\Mikhail_Kazlou\.m2\repository\org\hamcrest\hamcrest-core\1.3\hamcrest-core-1.3.jar]
[DEBUG] Output directory: C:\Users\Mikhail_Kazlou\IdeaProjects\helloci-master\Java\target\test-classes
[DEBUG] CompilerReuseStrategy: reuseCreated
[DEBUG] useIncrementalCompilation enabled
[INFO] Nothing to compile - all classes are up to date
[INFO] 
[INFO] --- maven-surefire-plugin:3.0.0-M1:test (default-test) @ hello-ci ---
[DEBUG] Using mirror maven-default-http-blocker (http://0.0.0.0/) for ow2-snapshot (http://repository.ow2.org/nexus/content/repositories/snapshots).
[DEBUG] Dependency collection stats {ConflictMarker.analyzeTime=185000, ConflictMarker.markTime=81500, ConflictMarker.nodeCount=76, ConflictIdSorter.graphTime=63700, ConflictIdSorter.topsortTime=22700, ConflictIdSorter.conflictIdCount=33, ConflictIdSorter.conflictIdCycleCount=0, ConflictResolver.totalTime=910100, ConflictResolver.conflictItemCount=74, DefaultDependencyCollector.collectTime=112593200, DefaultDependencyCollector.transformTime=1297600}
[DEBUG] org.apache.maven.plugins:maven-surefire-plugin:jar:3.0.0-M1
[DEBUG]    org.apache.maven.surefire:maven-surefire-common:jar:3.0.0-M1:compile
[DEBUG]       org.apache.maven.surefire:surefire-api:jar:3.0.0-M1:compile
[DEBUG]          org.apache.maven.surefire:surefire-logger-api:jar:3.0.0-M1:compile
[DEBUG]       org.apache.maven.surefire:surefire-booter:jar:3.0.0-M1:compile
[DEBUG]       org.apache.maven:maven-toolchain:jar:3.0-alpha-2:compile (version managed from default)
[DEBUG]          org.apache.maven:maven-core:jar:3.0:compile (version managed from default)
[DEBUG]             org.apache.maven:maven-model:jar:3.0:compile (version managed from default)
[DEBUG]             org.apache.maven:maven-settings:jar:3.0:compile (version managed from default)
[DEBUG]             org.apache.maven:maven-settings-builder:jar:3.0:compile
[DEBUG]             org.apache.maven:maven-repository-metadata:jar:3.0:compile
[DEBUG]             org.apache.maven:maven-artifact:jar:3.0:compile (version managed from default)
[DEBUG]             org.apache.maven:maven-plugin-api:jar:3.0:compile (version managed from default)
[DEBUG]             org.apache.maven:maven-model-builder:jar:3.0:compile
[DEBUG]             org.apache.maven:maven-aether-provider:jar:3.0:runtime
[DEBUG]             org.sonatype.aether:aether-impl:jar:1.7:compile
[DEBUG]                org.sonatype.aether:aether-spi:jar:1.7:compile
[DEBUG]             org.sonatype.aether:aether-api:jar:1.7:compile
[DEBUG]             org.sonatype.aether:aether-util:jar:1.7:compile
[DEBUG]             org.sonatype.sisu:sisu-inject-plexus:jar:1.4.2:compile
[DEBUG]                org.sonatype.sisu:sisu-inject-bean:jar:1.4.2:compile
[DEBUG]                   org.sonatype.sisu:sisu-guice:jar:noaop:2.1.7:compile
[DEBUG]             org.codehaus.plexus:plexus-interpolation:jar:1.14:compile
[DEBUG]             org.codehaus.plexus:plexus-utils:jar:2.0.4:compile
[DEBUG]             org.codehaus.plexus:plexus-classworlds:jar:2.2.3:compile
[DEBUG]             org.codehaus.plexus:plexus-component-annotations:jar:1.7.1:compile (version managed from default)
[DEBUG]             org.sonatype.plexus:plexus-sec-dispatcher:jar:1.3:compile
[DEBUG]                org.sonatype.plexus:plexus-cipher:jar:1.4:compile
[DEBUG]          org.apache.maven:maven-compat:jar:3.0:compile (version managed from default)
[DEBUG]             org.apache.maven.wagon:wagon-provider-api:jar:1.0-beta-6:compile
[DEBUG]       org.codehaus.plexus:plexus-java:jar:0.9.11:compile (version managed from default)
[DEBUG]          org.ow2.asm:asm:jar:7.0-beta:compile
[DEBUG]          com.thoughtworks.qdox:qdox:jar:2.0-M9:compile
[DEBUG] Created new class realm plugin>org.apache.maven.plugins:maven-surefire-plugin:3.0.0-M1
[DEBUG] Importing foreign packages into class realm plugin>org.apache.maven.plugins:maven-surefire-plugin:3.0.0-M1
[DEBUG]   Imported:  < maven.api
[DEBUG] Populating class realm plugin>org.apache.maven.plugins:maven-surefire-plugin:3.0.0-M1
[DEBUG]   Included: org.apache.maven.plugins:maven-surefire-plugin:jar:3.0.0-M1
[DEBUG]   Included: org.apache.maven.surefire:maven-surefire-common:jar:3.0.0-M1
[DEBUG]   Included: org.apache.maven.surefire:surefire-api:jar:3.0.0-M1
[DEBUG]   Included: org.apache.maven.surefire:surefire-logger-api:jar:3.0.0-M1
[DEBUG]   Included: org.apache.maven.surefire:surefire-booter:jar:3.0.0-M1
[DEBUG]   Included: org.sonatype.aether:aether-util:jar:1.7
[DEBUG]   Included: org.sonatype.sisu:sisu-inject-bean:jar:1.4.2
[DEBUG]   Included: org.sonatype.sisu:sisu-guice:jar:noaop:2.1.7
[DEBUG]   Included: org.codehaus.plexus:plexus-interpolation:jar:1.14
[DEBUG]   Included: org.codehaus.plexus:plexus-utils:jar:2.0.4
[DEBUG]   Included: org.codehaus.plexus:plexus-component-annotations:jar:1.7.1
[DEBUG]   Included: org.sonatype.plexus:plexus-sec-dispatcher:jar:1.3
[DEBUG]   Included: org.sonatype.plexus:plexus-cipher:jar:1.4
[DEBUG]   Included: org.codehaus.plexus:plexus-java:jar:0.9.11
[DEBUG]   Included: org.ow2.asm:asm:jar:7.0-beta
[DEBUG]   Included: com.thoughtworks.qdox:qdox:jar:2.0-M9
[DEBUG] Configuring mojo org.apache.maven.plugins:maven-surefire-plugin:3.0.0-M1:test from plugin realm ClassRealm[plugin>org.apache.maven.plugins:maven-surefire-plugin:3.0.0-M1, parent: jdk.internal.loader.ClassLoaders$AppClassLoader@2a139a55]
[DEBUG] Configuring mojo 'org.apache.maven.plugins:maven-surefire-plugin:3.0.0-M1:test' with basic configurator -->
[DEBUG]   (s) additionalClasspathElements = []
[DEBUG]   (s) basedir = C:\Users\Mikhail_Kazlou\IdeaProjects\helloci-master\Java
[DEBUG]   (s) childDelegation = false
[DEBUG]   (s) classesDirectory = C:\Users\Mikhail_Kazlou\IdeaProjects\helloci-master\Java\target\classes
[DEBUG]   (s) classpathDependencyExcludes = []
[DEBUG]   (s) dependenciesToScan = []
[DEBUG]   (s) disableXmlReport = false
[DEBUG]   (s) enableAssertions = true
[DEBUG]   (f) forkCount = 1
[DEBUG]   (s) forkMode = once
[DEBUG]   (s) forkedProcessExitTimeoutInSeconds = 30
[DEBUG]   (s) junitArtifactName = junit:junit
[DEBUG]   (s) junitPlatformArtifactName = org.junit.platform:junit-platform-engine
[DEBUG]   (s) localRepository =       id: local
      url: file:///C:/Users/Mikhail_Kazlou/.m2/repository/
   layout: default
snapshots: [enabled => true, update => always]
 releases: [enabled => true, update => always]
   blocked: false

[DEBUG]   (f) parallelMavenExecution = false
[DEBUG]   (s) parallelOptimized = true
[DEBUG]   (s) perCoreThreadCount = true
[DEBUG]   (s) pluginArtifactMap = {org.apache.maven.plugins:maven-surefire-plugin=org.apache.maven.plugins:maven-surefire-plugin:maven-plugin:3.0.0-M1:, org.apache.maven.surefire:maven-surefire-common=org.apache.maven.surefire:maven-surefire-common:jar:3.0.0-M1:compile, org.apache.maven.surefire:surefire-api=org.apache.maven.surefire:surefire-api:jar:3.0.0-M1:compile, org.apache.maven.surefire:surefire-logger-api=org.apache.maven.surefire:surefire-logger-api:jar:3.0.0-M1:compile, org.apache.maven.surefire:surefire-booter=org.apache.maven.surefire:surefire-booter:jar:3.0.0-M1:compile, org.apache.maven:maven-toolchain=org.apache.maven:maven-toolchain:jar:3.0-alpha-2:compile, org.apache.maven:maven-core=org.apache.maven:maven-core:jar:3.0:compile, org.apache.maven:maven-model=org.apache.maven:maven-model:jar:3.0:compile, org.apache.maven:maven-settings=org.apache.maven:maven-settings:jar:3.0:compile, org.apache.maven:maven-settings-builder=org.apache.maven:maven-settings-builder:jar:3.0:compile, org.apache.maven:maven-repository-metadata=org.apache.maven:maven-repository-metadata:jar:3.0:compile, org.apache.maven:maven-artifact=org.apache.maven:maven-artifact:jar:3.0:compile, org.apache.maven:maven-plugin-api=org.apache.maven:maven-plugin-api:jar:3.0:compile, org.apache.maven:maven-model-builder=org.apache.maven:maven-model-builder:jar:3.0:compile, org.apache.maven:maven-aether-provider=org.apache.maven:maven-aether-provider:jar:3.0:runtime, org.sonatype.aether:aether-impl=org.sonatype.aether:aether-impl:jar:1.7:compile, org.sonatype.aether:aether-spi=org.sonatype.aether:aether-spi:jar:1.7:compile, org.sonatype.aether:aether-api=org.sonatype.aether:aether-api:jar:1.7:compile, org.sonatype.aether:aether-util=org.sonatype.aether:aether-util:jar:1.7:compile, org.sonatype.sisu:sisu-inject-plexus=org.sonatype.sisu:sisu-inject-plexus:jar:1.4.2:compile, org.sonatype.sisu:sisu-inject-bean=org.sonatype.sisu:sisu-inject-bean:jar:1.4.2:compile, org.sonatype.sisu:sisu-guice=org.sonatype.sisu:sisu-guice:jar:noaop:2.1.7:compile, org.codehaus.plexus:plexus-interpolation=org.codehaus.plexus:plexus-interpolation:jar:1.14:compile, org.codehaus.plexus:plexus-utils=org.codehaus.plexus:plexus-utils:jar:2.0.4:compile, org.codehaus.plexus:plexus-classworlds=org.codehaus.plexus:plexus-classworlds:jar:2.2.3:compile, org.codehaus.plexus:plexus-component-annotations=org.codehaus.plexus:plexus-component-annotations:jar:1.7.1:compile, org.sonatype.plexus:plexus-sec-dispatcher=org.sonatype.plexus:plexus-sec-dispatcher:jar:1.3:compile, org.sonatype.plexus:plexus-cipher=org.sonatype.plexus:plexus-cipher:jar:1.4:compile, org.apache.maven:maven-compat=org.apache.maven:maven-compat:jar:3.0:compile, org.apache.maven.wagon:wagon-provider-api=org.apache.maven.wagon:wagon-provider-api:jar:1.0-beta-6:compile, org.codehaus.plexus:plexus-java=org.codehaus.plexus:plexus-java:jar:0.9.11:compile, org.ow2.asm:asm=org.ow2.asm:asm:jar:7.0-beta:compile, com.thoughtworks.qdox:qdox=com.thoughtworks.qdox:qdox:jar:2.0-M9:compile}
[DEBUG]   (f) pluginDescriptor = Component Descriptor: role: 'org.apache.maven.plugin.Mojo', implementation: 'org.apache.maven.plugin.surefire.HelpMojo', role hint: 'org.apache.maven.plugins:maven-surefire-plugin:3.0.0-M1:help'
role: 'org.apache.maven.plugin.Mojo', implementation: 'org.apache.maven.plugin.surefire.SurefirePlugin', role hint: 'org.apache.maven.plugins:maven-surefire-plugin:3.0.0-M1:test'
---
[DEBUG]   (s) printSummary = true
[DEBUG]   (s) project = MavenProject: com.github.vitalliuss.helloci:hello-ci:1.0-SNAPSHOT @ C:\Users\Mikhail_Kazlou\IdeaProjects\helloci-master\Java\pom.xml
[DEBUG]   (s) projectArtifactMap = {junit:junit=junit:junit:jar:4.12:compile, org.hamcrest:hamcrest-core=org.hamcrest:hamcrest-core:jar:1.3:compile}
[DEBUG]   (s) projectBuildDirectory = C:\Users\Mikhail_Kazlou\IdeaProjects\helloci-master\Java\target
[DEBUG]   (s) redirectTestOutputToFile = false
[DEBUG]   (s) remoteRepositories = [      id: central
      url: https://repo.maven.apache.org/maven2
   layout: default
snapshots: [enabled => false, update => daily]
 releases: [enabled => true, update => never]
   blocked: false
]
[DEBUG]   (s) reportFormat = brief
[DEBUG]   (s) reportsDirectory = C:\Users\Mikhail_Kazlou\IdeaProjects\helloci-master\Java\target\surefire-reports
[DEBUG]   (f) rerunFailingTestsCount = 0
[DEBUG]   (f) reuseForks = true
[DEBUG]   (s) runOrder = filesystem
[DEBUG]   (s) session = org.apache.maven.execution.MavenSession@325bb9a6
[DEBUG]   (f) shutdown = testset
[DEBUG]   (s) skip = false
[DEBUG]   (f) skipAfterFailureCount = 0
[DEBUG]   (s) skipTests = false
[DEBUG]   (s) suiteXmlFiles = []
[DEBUG]   (s) tempDir = surefire
[DEBUG]   (s) testClassesDirectory = C:\Users\Mikhail_Kazlou\IdeaProjects\helloci-master\Java\target\test-classes
[DEBUG]   (s) testFailureIgnore = false
[DEBUG]   (s) testNGArtifactName = org.testng:testng
[DEBUG]   (s) testSourceDirectory = C:\Users\Mikhail_Kazlou\IdeaProjects\helloci-master\Java\src\test\java
[DEBUG]   (s) threadCountClasses = 0
[DEBUG]   (s) threadCountMethods = 0
[DEBUG]   (s) threadCountSuites = 0
[DEBUG]   (s) trimStackTrace = true
[DEBUG]   (s) useFile = true
[DEBUG]   (s) useManifestOnlyJar = true
[DEBUG]   (s) useSystemClassLoader = true
[DEBUG]   (s) useUnlimitedThreads = false
[DEBUG]   (s) workingDirectory = C:\Users\Mikhail_Kazlou\IdeaProjects\helloci-master\Java
[DEBUG] -- end configuration --
[DEBUG] Surefire report directory: C:\Users\Mikhail_Kazlou\IdeaProjects\helloci-master\Java\target\surefire-reports
[DEBUG] Setting system property [basedir]=[C:\Users\Mikhail_Kazlou\IdeaProjects\helloci-master\Java]
[DEBUG] Setting system property [user.dir]=[C:\Users\Mikhail_Kazlou\IdeaProjects\helloci-master\Java]
[DEBUG] Setting system property [localRepository]=[C:\Users\Mikhail_Kazlou\.m2\repository]
[DEBUG] Adding to surefire booter test classpath: C:\Users\Mikhail_Kazlou\.m2\repository\org\apache\maven\surefire\surefire-booter\3.0.0-M1\surefire-booter-3.0.0-M1.jar Scope: compile
[DEBUG] Adding to surefire booter test classpath: C:\Users\Mikhail_Kazlou\.m2\repository\org\apache\maven\surefire\surefire-api\3.0.0-M1\surefire-api-3.0.0-M1.jar Scope: compile
[DEBUG] Adding to surefire booter test classpath: C:\Users\Mikhail_Kazlou\.m2\repository\org\apache\maven\surefire\surefire-logger-api\3.0.0-M1\surefire-logger-api-3.0.0-M1.jar Scope: compile
[DEBUG] Using JVM: C:\Program Files\Java\jdk-17\bin\java with Java version 17
[DEBUG] Adding to surefire test classpath: C:\Users\Mikhail_Kazlou\.m2\repository\org\apache\maven\surefire\surefire-junit4\3.0.0-M1\surefire-junit4-3.0.0-M1.jar Scope: test
[DEBUG] Adding to surefire test classpath: C:\Users\Mikhail_Kazlou\.m2\repository\org\apache\maven\surefire\common-junit4\3.0.0-M1\common-junit4-3.0.0-M1.jar Scope: test
[DEBUG] Adding to surefire test classpath: C:\Users\Mikhail_Kazlou\.m2\repository\org\apache\maven\surefire\common-junit3\3.0.0-M1\common-junit3-3.0.0-M1.jar Scope: test
[DEBUG] Adding to surefire test classpath: C:\Users\Mikhail_Kazlou\.m2\repository\org\apache\maven\surefire\surefire-api\3.0.0-M1\surefire-api-3.0.0-M1.jar Scope: test
[DEBUG] Adding to surefire test classpath: C:\Users\Mikhail_Kazlou\.m2\repository\org\apache\maven\surefire\surefire-logger-api\3.0.0-M1\surefire-logger-api-3.0.0-M1.jar Scope: test
[DEBUG] Adding to surefire test classpath: C:\Users\Mikhail_Kazlou\.m2\repository\org\apache\maven\surefire\common-java5\3.0.0-M1\common-java5-3.0.0-M1.jar Scope: test
[DEBUG] Adding to surefire test classpath: C:\Users\Mikhail_Kazlou\.m2\repository\org\apache\maven\shared\maven-shared-utils\3.1.0\maven-shared-utils-3.1.0.jar Scope: compile
[DEBUG] test classpath:  C:\Users\Mikhail_Kazlou\IdeaProjects\helloci-master\Java\target\test-classes  C:\Users\Mikhail_Kazlou\IdeaProjects\helloci-master\Java\target\classes  C:\Users\Mikhail_Kazlou\.m2\repository\junit\junit\4.12\junit-4.12.jar  C:\Users\Mikhail_Kazlou\.m2\repository\org\hamcrest\hamcrest-core\1.3\hamcrest-core-1.3.jar
[DEBUG] provider classpath:  C:\Users\Mikhail_Kazlou\.m2\repository\org\apache\maven\surefire\surefire-junit4\3.0.0-M1\surefire-junit4-3.0.0-M1.jar  C:\Users\Mikhail_Kazlou\.m2\repository\org\apache\maven\surefire\surefire-api\3.0.0-M1\surefire-api-3.0.0-M1.jar  C:\Users\Mikhail_Kazlou\.m2\repository\org\apache\maven\surefire\surefire-logger-api\3.0.0-M1\surefire-logger-api-3.0.0-M1.jar  C:\Users\Mikhail_Kazlou\.m2\repository\org\apache\maven\surefire\common-java5\3.0.0-M1\common-java5-3.0.0-M1.jar  C:\Users\Mikhail_Kazlou\.m2\repository\org\apache\maven\surefire\common-junit3\3.0.0-M1\common-junit3-3.0.0-M1.jar  C:\Users\Mikhail_Kazlou\.m2\repository\org\apache\maven\surefire\common-junit4\3.0.0-M1\common-junit4-3.0.0-M1.jar  C:\Users\Mikhail_Kazlou\.m2\repository\org\apache\maven\shared\maven-shared-utils\3.1.0\maven-shared-utils-3.1.0.jar
[DEBUG] test(compact) classpath:  test-classes  classes  junit-4.12.jar  hamcrest-core-1.3.jar
[DEBUG] provider(compact) classpath:  surefire-junit4-3.0.0-M1.jar  surefire-api-3.0.0-M1.jar  surefire-logger-api-3.0.0-M1.jar  common-java5-3.0.0-M1.jar  common-junit3-3.0.0-M1.jar  common-junit4-3.0.0-M1.jar  maven-shared-utils-3.1.0.jar
[DEBUG] in-process classpath:  C:\Users\Mikhail_Kazlou\.m2\repository\org\apache\maven\surefire\surefire-junit4\3.0.0-M1\surefire-junit4-3.0.0-M1.jar  C:\Users\Mikhail_Kazlou\.m2\repository\org\apache\maven\surefire\surefire-api\3.0.0-M1\surefire-api-3.0.0-M1.jar  C:\Users\Mikhail_Kazlou\.m2\repository\org\apache\maven\surefire\surefire-logger-api\3.0.0-M1\surefire-logger-api-3.0.0-M1.jar  C:\Users\Mikhail_Kazlou\.m2\repository\org\apache\maven\surefire\common-java5\3.0.0-M1\common-java5-3.0.0-M1.jar  C:\Users\Mikhail_Kazlou\.m2\repository\org\apache\maven\surefire\common-junit3\3.0.0-M1\common-junit3-3.0.0-M1.jar  C:\Users\Mikhail_Kazlou\.m2\repository\org\apache\maven\surefire\common-junit4\3.0.0-M1\common-junit4-3.0.0-M1.jar  C:\Users\Mikhail_Kazlou\.m2\repository\org\apache\maven\shared\maven-shared-utils\3.1.0\maven-shared-utils-3.1.0.jar  C:\Users\Mikhail_Kazlou\.m2\repository\org\apache\maven\surefire\maven-surefire-common\3.0.0-M1\maven-surefire-common-3.0.0-M1.jar
[DEBUG] in-process(compact) classpath:  surefire-junit4-3.0.0-M1.jar  surefire-api-3.0.0-M1.jar  surefire-logger-api-3.0.0-M1.jar  common-java5-3.0.0-M1.jar  common-junit3-3.0.0-M1.jar  common-junit4-3.0.0-M1.jar  maven-shared-utils-3.1.0.jar  maven-surefire-common-3.0.0-M1.jar
[INFO] 
[INFO] -------------------------------------------------------
[INFO]  T E S T S
[INFO] -------------------------------------------------------
[DEBUG] Determined Maven Process ID 18740
[DEBUG] boot classpath:  C:\Users\Mikhail_Kazlou\.m2\repository\org\apache\maven\surefire\surefire-booter\3.0.0-M1\surefire-booter-3.0.0-M1.jar  C:\Users\Mikhail_Kazlou\.m2\repository\org\apache\maven\surefire\surefire-api\3.0.0-M1\surefire-api-3.0.0-M1.jar  C:\Users\Mikhail_Kazlou\.m2\repository\org\apache\maven\surefire\surefire-logger-api\3.0.0-M1\surefire-logger-api-3.0.0-M1.jar  C:\Users\Mikhail_Kazlou\IdeaProjects\helloci-master\Java\target\test-classes  C:\Users\Mikhail_Kazlou\IdeaProjects\helloci-master\Java\target\classes  C:\Users\Mikhail_Kazlou\.m2\repository\junit\junit\4.12\junit-4.12.jar  C:\Users\Mikhail_Kazlou\.m2\repository\org\hamcrest\hamcrest-core\1.3\hamcrest-core-1.3.jar  C:\Users\Mikhail_Kazlou\.m2\repository\org\apache\maven\surefire\surefire-junit4\3.0.0-M1\surefire-junit4-3.0.0-M1.jar  C:\Users\Mikhail_Kazlou\.m2\repository\org\apache\maven\surefire\common-java5\3.0.0-M1\common-java5-3.0.0-M1.jar  C:\Users\Mikhail_Kazlou\.m2\repository\org\apache\maven\surefire\common-junit3\3.0.0-M1\common-junit3-3.0.0-M1.jar  C:\Users\Mikhail_Kazlou\.m2\repository\org\apache\maven\surefire\common-junit4\3.0.0-M1\common-junit4-3.0.0-M1.jar  C:\Users\Mikhail_Kazlou\.m2\repository\org\apache\maven\shared\maven-shared-utils\3.1.0\maven-shared-utils-3.1.0.jar
[DEBUG] boot(compact) classpath:  surefire-booter-3.0.0-M1.jar  surefire-api-3.0.0-M1.jar  surefire-logger-api-3.0.0-M1.jar  test-classes  classes  junit-4.12.jar  hamcrest-core-1.3.jar  surefire-junit4-3.0.0-M1.jar  common-java5-3.0.0-M1.jar  common-junit3-3.0.0-M1.jar  common-junit4-3.0.0-M1.jar  maven-shared-utils-3.1.0.jar
[DEBUG] Forking command line: cmd.exe /X /C ""C:\Program Files\Java\jdk-17\bin\java" -jar C:\Users\MIKHAI~1\AppData\Local\Temp\surefire6959007639103814849\surefirebooter7111157335287515549.jar C:\Users\Mikhail_Kazlou\AppData\Local\Temp\surefire6959007639103814849 2023-05-04T12-07-23_773-jvmRun1 surefire18295588144942856247tmp surefire_09200751735563629280tmp"
[INFO] Running com.github.vitalliuss.helloci.AppTest
[ERROR] Tests run: 5, Failures: 1, Errors: 0, Skipped: 1, Time elapsed: 0.051 s <<< FAILURE! - in com.github.vitalliuss.helloci.AppTest
[ERROR] testShouldBeFailed(com.github.vitalliuss.helloci.AppTest)  Time elapsed: 0.006 s  <<< FAILURE!
java.lang.AssertionError
	at com.github.vitalliuss.helloci.AppTest.testShouldBeFailed(AppTest.java:21)

[INFO] 
[INFO] Results:
[INFO] 
[ERROR] Failures: 
[ERROR]   AppTest.testShouldBeFailed:21
[INFO] 
[ERROR] Tests run: 5, Failures: 1, Errors: 0, Skipped: 1
[INFO] 
[INFO] ------------------------------------------------------------------------
[INFO] BUILD FAILURE
[INFO] ------------------------------------------------------------------------
[INFO] Total time:  2.130 s
[INFO] Finished at: 2023-05-04T12:07:24+03:00
[INFO] ------------------------------------------------------------------------
[ERROR] Failed to execute goal org.apache.maven.plugins:maven-surefire-plugin:3.0.0-M1:test (default-test) on project hello-ci: There are test failures.
[ERROR] 
[ERROR] Please refer to C:\Users\Mikhail_Kazlou\IdeaProjects\helloci-master\Java\target\surefire-reports for the individual test results.
[ERROR] Please refer to dump files (if any exist) [date].dump, [date]-jvmRun[N].dump and [date].dumpstream.
[ERROR] -> [Help 1]
org.apache.maven.lifecycle.LifecycleExecutionException: Failed to execute goal org.apache.maven.plugins:maven-surefire-plugin:3.0.0-M1:test (default-test) on project hello-ci: There are test failures.

Please refer to C:\Users\Mikhail_Kazlou\IdeaProjects\helloci-master\Java\target\surefire-reports for the individual test results.
Please refer to dump files (if any exist) [date].dump, [date]-jvmRun[N].dump and [date].dumpstream.
    at org.apache.maven.lifecycle.internal.MojoExecutor.execute (MojoExecutor.java:215)
    at org.apache.maven.lifecycle.internal.MojoExecutor.execute (MojoExecutor.java:156)
    at org.apache.maven.lifecycle.internal.MojoExecutor.execute (MojoExecutor.java:148)
    at org.apache.maven.lifecycle.internal.LifecycleModuleBuilder.buildProject (LifecycleModuleBuilder.java:117)
    at org.apache.maven.lifecycle.internal.LifecycleModuleBuilder.buildProject (LifecycleModuleBuilder.java:81)
    at org.apache.maven.lifecycle.internal.builder.singlethreaded.SingleThreadedBuilder.build (SingleThreadedBuilder.java:56)
    at org.apache.maven.lifecycle.internal.LifecycleStarter.execute (LifecycleStarter.java:128)
    at org.apache.maven.DefaultMaven.doExecute (DefaultMaven.java:305)
    at org.apache.maven.DefaultMaven.doExecute (DefaultMaven.java:192)
    at org.apache.maven.DefaultMaven.execute (DefaultMaven.java:105)
    at org.apache.maven.cli.MavenCli.execute (MavenCli.java:972)
    at org.apache.maven.cli.MavenCli.doMain (MavenCli.java:293)
    at org.apache.maven.cli.MavenCli.main (MavenCli.java:196)
    at jdk.internal.reflect.NativeMethodAccessorImpl.invoke0 (Native Method)
    at jdk.internal.reflect.NativeMethodAccessorImpl.invoke (NativeMethodAccessorImpl.java:77)
    at jdk.internal.reflect.DelegatingMethodAccessorImpl.invoke (DelegatingMethodAccessorImpl.java:43)
    at java.lang.reflect.Method.invoke (Method.java:568)
    at org.codehaus.plexus.classworlds.launcher.Launcher.launchEnhanced (Launcher.java:282)
    at org.codehaus.plexus.classworlds.launcher.Launcher.launch (Launcher.java:225)
    at org.codehaus.plexus.classworlds.launcher.Launcher.mainWithExitCode (Launcher.java:406)
    at org.codehaus.plexus.classworlds.launcher.Launcher.main (Launcher.java:347)
Caused by: org.apache.maven.plugin.MojoFailureException: There are test failures.

Please refer to C:\Users\Mikhail_Kazlou\IdeaProjects\helloci-master\Java\target\surefire-reports for the individual test results.
Please refer to dump files (if any exist) [date].dump, [date]-jvmRun[N].dump and [date].dumpstream.
    at org.apache.maven.plugin.surefire.SurefireHelper.throwException (SurefireHelper.java:271)
    at org.apache.maven.plugin.surefire.SurefireHelper.reportExecution (SurefireHelper.java:159)
    at org.apache.maven.plugin.surefire.SurefirePlugin.handleSummary (SurefirePlugin.java:362)
    at org.apache.maven.plugin.surefire.AbstractSurefireMojo.executeAfterPreconditionsChecked (AbstractSurefireMojo.java:1007)
    at org.apache.maven.plugin.surefire.AbstractSurefireMojo.execute (AbstractSurefireMojo.java:837)
    at org.apache.maven.plugin.DefaultBuildPluginManager.executeMojo (DefaultBuildPluginManager.java:137)
    at org.apache.maven.lifecycle.internal.MojoExecutor.execute (MojoExecutor.java:210)
    at org.apache.maven.lifecycle.internal.MojoExecutor.execute (MojoExecutor.java:156)
    at org.apache.maven.lifecycle.internal.MojoExecutor.execute (MojoExecutor.java:148)
    at org.apache.maven.lifecycle.internal.LifecycleModuleBuilder.buildProject (LifecycleModuleBuilder.java:117)
    at org.apache.maven.lifecycle.internal.LifecycleModuleBuilder.buildProject (LifecycleModuleBuilder.java:81)
    at org.apache.maven.lifecycle.internal.builder.singlethreaded.SingleThreadedBuilder.build (SingleThreadedBuilder.java:56)
    at org.apache.maven.lifecycle.internal.LifecycleStarter.execute (LifecycleStarter.java:128)
    at org.apache.maven.DefaultMaven.doExecute (DefaultMaven.java:305)
    at org.apache.maven.DefaultMaven.doExecute (DefaultMaven.java:192)
    at org.apache.maven.DefaultMaven.execute (DefaultMaven.java:105)
    at org.apache.maven.cli.MavenCli.execute (MavenCli.java:972)
    at org.apache.maven.cli.MavenCli.doMain (MavenCli.java:293)
    at org.apache.maven.cli.MavenCli.main (MavenCli.java:196)
    at jdk.internal.reflect.NativeMethodAccessorImpl.invoke0 (Native Method)
    at jdk.internal.reflect.NativeMethodAccessorImpl.invoke (NativeMethodAccessorImpl.java:77)
    at jdk.internal.reflect.DelegatingMethodAccessorImpl.invoke (DelegatingMethodAccessorImpl.java:43)
    at java.lang.reflect.Method.invoke (Method.java:568)
    at org.codehaus.plexus.classworlds.launcher.Launcher.launchEnhanced (Launcher.java:282)
    at org.codehaus.plexus.classworlds.launcher.Launcher.launch (Launcher.java:225)
    at org.codehaus.plexus.classworlds.launcher.Launcher.mainWithExitCode (Launcher.java:406)
    at org.codehaus.plexus.classworlds.launcher.Launcher.main (Launcher.java:347)
[ERROR] 
[ERROR] 
[ERROR] For more information about the errors and possible solutions, please read the following articles:
[ERROR] [Help 1] http://cwiki.apache.org/confluence/display/MAVEN/MojoFailureException
